{"time":"2026-07-21 17:36:15,015","level":"INFO","node":2,"msg":"Starting node 2: Rural Health Centre"}
{"time":"2026-07-21 17:36:15,015","level":"INFO","node":2,"msg":"[CONFIG DEBUG] attack_simulation loaded: enabled=False target_node=2 type=free_rider config_path=config_dev.json"}
{"time":"2026-07-21 17:41:10,736","level":"INFO","node":2,"msg":"Starting node 2: Rural Health Centre"}
{"time":"2026-07-21 17:41:10,736","level":"INFO","node":2,"msg":"[CONFIG DEBUG] attack_simulation loaded: enabled=False target_node=2 type=free_rider config_path=config_dev.json"}
{"time":"2026-07-21 17:41:10,790","level":"WARNING","node":2,"msg":"DEV MODE: running without TLS"}
{"time":"2026-07-21 17:41:10,790","level":"INFO","node":2,"msg":"Listening on 127.0.0.1:8002 | TLS=False"}
{"time":"2026-07-21 17:41:14,600","level":"INFO","node":2,"msg":"Key exchange complete with node 1"}
{"time":"2026-07-21 17:41:14,615","level":"INFO","node":2,"msg":"Consensus pubkey received from node 1"}
{"time":"2026-07-21 17:41:15,800","level":"INFO","node":2,"msg":"Sent public key to node 0"}
{"time":"2026-07-21 17:41:15,806","level":"INFO","node":2,"msg":"Sent consensus pubkey to node 0"}
{"time":"2026-07-21 17:41:15,808","level":"INFO","node":2,"msg":"Sent public key to node 1"}
{"time":"2026-07-21 17:41:15,816","level":"INFO","node":2,"msg":"Sent consensus pubkey to node 1"}
{"time":"2026-07-21 17:41:15,824","level":"INFO","node":2,"msg":"Sent public key to node 3"}
{"time":"2026-07-21 17:41:15,825","level":"INFO","node":2,"msg":"Sent consensus pubkey to node 3"}
{"time":"2026-07-21 17:41:16,443","level":"INFO","node":2,"msg":"Consensus pubkey received from node 3"}
{"time":"2026-07-21 17:41:16,446","level":"INFO","node":2,"msg":"Key exchange complete with node 3"}
{"time":"2026-07-21 17:41:25,680","level":"INFO","node":2,"msg":"Key exchange complete with node 0"}
{"time":"2026-07-21 17:41:25,720","level":"INFO","node":2,"msg":"Consensus pubkey received from node 0"}
{"time":"2026-07-21 17:41:32,833","level":"INFO","node":2,"msg":"Proposal received: round=0 origin=0 hash=3c8343b92b87..."}
{"time":"2026-07-21 17:41:32,873","level":"INFO","node":2,"msg":"Consensus vote recorded: node 0 decision=True reason=zkp_ok round=0 new=True satisfied=False"}
{"time":"2026-07-21 17:41:42,486","level":"INFO","node":2,"msg":"Consensus vote recorded: node 1 decision=True reason=zkp_ok round=0 new=True satisfied=False"}
{"time":"2026-07-21 17:41:49,655","level":"INFO","node":2,"msg":"Received update from node 1, round 0"}
{"time":"2026-07-21 17:41:59,117","level":"INFO","node":2,"msg":"ZKP ACCEPTED from node 1"}
{"time":"2026-07-21 17:41:59,117","level":"INFO","node":2,"msg":"Trust score for node 0: S=0.429 (Z=1.00 A=0.50 P=0.50 R=1.00) advisory only"}
{"time":"2026-07-21 17:41:59,145","level":"INFO","node":2,"msg":"Sent consensus vote to node 0"}
{"time":"2026-07-21 17:41:59,150","level":"INFO","node":2,"msg":"Sent consensus vote to node 1"}
{"time":"2026-07-21 17:41:59,174","level":"INFO","node":2,"msg":"Sent consensus vote to node 3"}
{"time":"2026-07-21 17:42:06,308","level":"INFO","node":2,"msg":"Forwarded to http://127.0.0.1:8003"}
{"time":"2026-07-21 17:42:15,899","level":"INFO","node":2,"msg":"Prediction agreement with node 3 round=0: A=0.558"}
{"time":"2026-07-21 17:42:15,900","level":"INFO","node":2,"msg":"Consensus vote recorded: node 3 decision=True reason=zkp_ok round=0 new=True satisfied=True"}
{"time":"2026-07-21 17:42:23,037","level":"INFO","node":2,"msg":"Synced weights from master for round 0"}
{"time":"2026-07-21 17:42:23,064","level":"INFO","node":2,"msg":"Sent commit vote to node 0"}
{"time":"2026-07-21 17:42:29,393","level":"INFO","node":2,"msg":"Proposal received: round=1 origin=1 hash=6c1d8b137bf8..."}
{"time":"2026-07-21 17:42:29,430","level":"INFO","node":2,"msg":"Consensus vote recorded: node 1 decision=True reason=zkp_ok round=1 new=True satisfied=False"}
{"time":"2026-07-21 17:42:29,441","level":"INFO","node":2,"msg":"Received update from node 1, round 1"}
{"time":"2026-07-21 17:42:39,045","level":"INFO","node":2,"msg":"ZKP ACCEPTED from node 1"}
{"time":"2026-07-21 17:42:39,046","level":"INFO","node":2,"msg":"Trust score for node 1: S=0.429 (Z=1.00 A=0.50 P=0.50 R=1.00) advisory only"}
{"time":"2026-07-21 17:42:39,081","level":"INFO","node":2,"msg":"Sent consensus vote to node 0"}
{"time":"2026-07-21 17:42:39,101","level":"INFO","node":2,"msg":"Sent consensus vote to node 1"}
{"time":"2026-07-21 17:42:39,115","level":"INFO","node":2,"msg":"Sent consensus vote to node 3"}
{"time":"2026-07-21 17:42:45,269","level":"INFO","node":2,"msg":"Forwarded to http://127.0.0.1:8003"}
{"time":"2026-07-21 17:42:55,003","level":"INFO","node":2,"msg":"Prediction agreement with node 3 round=1: A=0.956"}
{"time":"2026-07-21 17:42:55,003","level":"INFO","node":2,"msg":"Consensus vote recorded: node 3 decision=True reason=zkp_ok round=1 new=True satisfied=True"}
{"time":"2026-07-21 17:43:10,707","level":"INFO","node":2,"msg":"Prediction agreement with node 0 round=1: A=0.955"}
{"time":"2026-07-21 17:43:10,707","level":"INFO","node":2,"msg":"Consensus vote recorded: node 0 decision=True reason=zkp_ok round=1 new=True satisfied=True"}
{"time":"2026-07-21 17:43:16,877","level":"INFO","node":2,"msg":"Synced weights from master for round 1"}
{"time":"2026-07-21 17:43:16,909","level":"INFO","node":2,"msg":"Sent commit vote to node 1"}
{"time":"2026-07-21 17:43:16,963","level":"INFO","node":2,"msg":"My turn — starting round 3 as proposer."}
{"time":"2026-07-21 17:43:16,963","level":"INFO","node":2,"msg":"Starting round 3"}
{"time":"2026-07-21 17:43:23,170","level":"INFO","node":2,"msg":"Sent proposal to node 0"}
{"time":"2026-07-21 17:43:23,186","level":"INFO","node":2,"msg":"Sent proposal to node 1"}
{"time":"2026-07-21 17:43:23,207","level":"INFO","node":2,"msg":"Sent proposal to node 3"}
{"time":"2026-07-21 17:43:23,213","level":"INFO","node":2,"msg":"Sent consensus vote to node 0"}
{"time":"2026-07-21 17:43:23,217","level":"INFO","node":2,"msg":"Sent consensus vote to node 1"}
{"time":"2026-07-21 17:43:23,222","level":"INFO","node":2,"msg":"Sent consensus vote to node 3"}
{"time":"2026-07-21 17:43:23,230","level":"INFO","node":2,"msg":"Forwarded to http://127.0.0.1:8003"}
{"time":"2026-07-21 17:43:32,905","level":"INFO","node":2,"msg":"Consensus vote recorded: node 3 decision=True reason=zkp_ok round=2 new=True satisfied=False"}
{"time":"2026-07-21 17:43:48,709","level":"INFO","node":2,"msg":"Consensus vote recorded: node 0 decision=True reason=zkp_ok round=2 new=True satisfied=True"}
{"time":"2026-07-21 17:44:04,449","level":"INFO","node":2,"msg":"Consensus vote recorded: node 1 decision=True reason=zkp_ok round=2 new=True satisfied=True"}
{"time":"2026-07-21 17:44:10,489","level":"INFO","node":2,"msg":"Received update from node 1, round 2"}
{"time":"2026-07-21 17:44:10,490","level":"INFO","node":2,"msg":"Round 3 complete — aggregating"}
{"time":"2026-07-21 17:44:10,494","level":"INFO","node":2,"msg":"Round 3 accuracy gate skipped (warm-up period, candidate_acc=0.8000)"}
{"time":"2026-07-21 17:44:10,531","level":"INFO","node":2,"msg":"Commit vote recorded: node 0 decision=True round=2 satisfied=False"}
{"time":"2026-07-21 17:44:10,533","level":"INFO","node":2,"msg":"Broadcast weights to node 0"}
{"time":"2026-07-21 17:44:10,547","level":"INFO","node":2,"msg":"Commit vote recorded: node 1 decision=True round=2 satisfied=True"}
{"time":"2026-07-21 17:44:10,547","level":"INFO","node":2,"msg":"Round 3 COMMITTED — model hash agreed by [2, 0, 1]"}
{"time":"2026-07-21 17:44:10,548","level":"INFO","node":2,"msg":"Commit certificate saved to C:\Users\mousu\OneDrive\Desktop\Set A\securefedhe\dashboard\certificates\round_2.json"}
{"time":"2026-07-21 17:44:10,552","level":"INFO","node":2,"msg":"Broadcast weights to node 1"}
{"time":"2026-07-21 17:44:10,584","level":"INFO","node":2,"msg":"Commit vote recorded: node 3 decision=True round=2 satisfied=True"}
{"time":"2026-07-21 17:44:10,586","level":"INFO","node":2,"msg":"Broadcast weights to node 3"}
{"time":"2026-07-21 17:44:10,594","level":"INFO","node":2,"msg":"Checkpoint saved to C:\Users\mousu\OneDrive\Desktop\Set A\securefedhe\dashboard\model_latest.pt"}
{"time":"2026-07-21 17:44:10,594","level":"INFO","node":2,"msg":"Round 3 complete | accuracy=0.8000 | duration=53.63s"}
{"time":"2026-07-21 17:44:10,594","level":"INFO","node":2,"msg":"Round 4 belongs to node 3 — waiting for their proposal."}
{"time":"2026-07-21 17:44:10,599","level":"INFO","node":2,"msg":"Notified next proposer to node 3"}
{"time":"2026-07-21 17:44:16,799","level":"INFO","node":2,"msg":"Proposal received: round=3 origin=3 hash=09986dc0ca57..."}
{"time":"2026-07-21 17:44:16,822","level":"INFO","node":2,"msg":"Consensus vote recorded: node 3 decision=True reason=zkp_ok round=3 new=True satisfied=False"}
{"time":"2026-07-21 17:44:26,474","level":"INFO","node":2,"msg":"Consensus vote recorded: node 0 decision=True reason=zkp_ok round=3 new=True satisfied=False"}
{"time":"2026-07-21 17:44:42,385","level":"INFO","node":2,"msg":"Consensus vote recorded: node 1 decision=True reason=zkp_ok round=3 new=True satisfied=True"}
{"time":"2026-07-21 17:44:48,628","level":"INFO","node":2,"msg":"Received update from node 1, round 3"}
{"time":"2026-07-21 17:44:58,309","level":"INFO","node":2,"msg":"ZKP ACCEPTED from node 1"}
{"time":"2026-07-21 17:44:58,329","level":"INFO","node":2,"msg":"Trust score for node 3: S=0.423 (Z=1.00 A=0.50 P=0.46 R=1.00) advisory only"}
{"time":"2026-07-21 17:44:58,350","level":"INFO","node":2,"msg":"Sent consensus vote to node 0"}
{"time":"2026-07-21 17:44:58,369","level":"INFO","node":2,"msg":"Sent consensus vote to node 1"}
{"time":"2026-07-21 17:44:58,395","level":"INFO","node":2,"msg":"Sent consensus vote to node 3"}
{"time":"2026-07-21 17:45:04,512","level":"INFO","node":2,"msg":"Forwarded to http://127.0.0.1:8003"}
{"time":"2026-07-21 17:45:04,632","level":"INFO","node":2,"msg":"Synced weights from master for round 3"}
{"time":"2026-07-21 17:45:04,641","level":"INFO","node":2,"msg":"Sent commit vote to node 3"}
{"time":"2026-07-21 17:45:10,813","level":"INFO","node":2,"msg":"Proposal received: round=4 origin=0 hash=8eee11fc53c2..."}
{"time":"2026-07-21 17:45:10,839","level":"INFO","node":2,"msg":"Consensus vote recorded: node 0 decision=True reason=zkp_ok round=4 new=True satisfied=False"}
{"time":"2026-07-21 17:45:20,761","level":"INFO","node":2,"msg":"Consensus vote recorded: node 1 decision=True reason=zkp_ok round=4 new=True satisfied=False"}
{"time":"2026-07-21 17:45:27,025","level":"INFO","node":2,"msg":"Received update from node 1, round 4"}
{"time":"2026-07-21 17:45:36,654","level":"INFO","node":2,"msg":"ZKP ACCEPTED from node 1"}
{"time":"2026-07-21 17:45:36,654","level":"INFO","node":2,"msg":"Per-class agreement with node 0: class0=0.579 class1=0.756 gap=0.177"}
{"time":"2026-07-21 17:45:36,654","level":"INFO","node":2,"msg":"Per-class rolling gap for node 0: mean=0.177 over last 1 round(s)"}
{"time":"2026-07-21 17:45:36,665","level":"INFO","node":2,"msg":"Trust score for node 0: S=0.541 (Z=1.00 A=0.63 P=0.48 R=1.00) advisory only"}
{"time":"2026-07-21 17:45:36,678","level":"INFO","node":2,"msg":"Sent consensus vote to node 0"}
{"time":"2026-07-21 17:45:36,698","level":"INFO","node":2,"msg":"Sent consensus vote to node 1"}
{"time":"2026-07-21 17:45:36,727","level":"INFO","node":2,"msg":"Sent consensus vote to node 3"}
{"time":"2026-07-21 17:45:42,761","level":"INFO","node":2,"msg":"Forwarded to http://127.0.0.1:8003"}
{"time":"2026-07-21 17:45:52,540","level":"INFO","node":2,"msg":"Prediction agreement with node 3 round=4: A=0.934"}
{"time":"2026-07-21 17:45:52,540","level":"INFO","node":2,"msg":"Consensus vote recorded: node 3 decision=True reason=zkp_ok round=4 new=True satisfied=True"}
{"time":"2026-07-21 17:45:58,554","level":"INFO","node":2,"msg":"Synced weights from master for round 4"}
{"time":"2026-07-21 17:45:58,597","level":"INFO","node":2,"msg":"Sent commit vote to node 0"}
{"time":"2026-07-21 17:46:04,891","level":"INFO","node":2,"msg":"Proposal received: round=5 origin=1 hash=0635c6123eaf..."}
{"time":"2026-07-21 17:46:04,909","level":"INFO","node":2,"msg":"Consensus vote recorded: node 1 decision=True reason=zkp_ok round=5 new=True satisfied=False"}
{"time":"2026-07-21 17:46:04,918","level":"INFO","node":2,"msg":"Received update from node 1, round 5"}
{"time":"2026-07-21 17:46:14,646","level":"INFO","node":2,"msg":"ZKP ACCEPTED from node 1"}
{"time":"2026-07-21 17:46:14,660","level":"INFO","node":2,"msg":"Per-class agreement with node 1: class0=0.765 class1=0.877 gap=0.112"}
{"time":"2026-07-21 17:46:14,660","level":"INFO","node":2,"msg":"Per-class rolling gap for node 1: mean=0.112 over last 1 round(s)"}
{"time":"2026-07-21 17:46:14,663","level":"INFO","node":2,"msg":"Trust score for node 1: S=0.678 (Z=1.00 A=0.80 P=0.46 R=1.00) advisory only"}
{"time":"2026-07-21 17:46:14,673","level":"INFO","node":2,"msg":"Sent consensus vote to node 0"}
{"time":"2026-07-21 17:46:14,688","level":"INFO","node":2,"msg":"Sent consensus vote to node 1"}
{"time":"2026-07-21 17:46:14,715","level":"INFO","node":2,"msg":"Sent consensus vote to node 3"}
{"time":"2026-07-21 17:46:20,874","level":"INFO","node":2,"msg":"Forwarded to http://127.0.0.1:8003"}
{"time":"2026-07-21 17:46:30,605","level":"INFO","node":2,"msg":"Prediction agreement with node 3 round=5: A=0.931"}
{"time":"2026-07-21 17:46:30,606","level":"INFO","node":2,"msg":"Consensus vote recorded: node 3 decision=True reason=zkp_ok round=5 new=True satisfied=True"}
{"time":"2026-07-21 17:46:46,369","level":"INFO","node":2,"msg":"Prediction agreement with node 0 round=5: A=0.929"}
{"time":"2026-07-21 17:46:46,369","level":"INFO","node":2,"msg":"Consensus vote recorded: node 0 decision=True reason=zkp_ok round=5 new=True satisfied=True"}
{"time":"2026-07-21 17:46:52,593","level":"INFO","node":2,"msg":"Synced weights from master for round 5"}
{"time":"2026-07-21 17:46:52,606","level":"INFO","node":2,"msg":"Sent commit vote to node 1"}
{"time":"2026-07-21 17:46:52,646","level":"INFO","node":2,"msg":"My turn — starting round 7 as proposer."}
{"time":"2026-07-21 17:46:52,646","level":"INFO","node":2,"msg":"Starting round 7"}
{"time":"2026-07-21 17:46:58,998","level":"INFO","node":2,"msg":"Sent proposal to node 0"}
{"time":"2026-07-21 17:46:59,016","level":"INFO","node":2,"msg":"Sent proposal to node 1"}
{"time":"2026-07-21 17:46:59,032","level":"INFO","node":2,"msg":"Sent proposal to node 3"}
{"time":"2026-07-21 17:46:59,043","level":"INFO","node":2,"msg":"Sent consensus vote to node 0"}
{"time":"2026-07-21 17:46:59,047","level":"INFO","node":2,"msg":"Sent consensus vote to node 1"}
{"time":"2026-07-21 17:46:59,051","level":"INFO","node":2,"msg":"Sent consensus vote to node 3"}
{"time":"2026-07-21 17:46:59,058","level":"INFO","node":2,"msg":"Forwarded to http://127.0.0.1:8003"}
{"time":"2026-07-21 17:47:08,804","level":"INFO","node":2,"msg":"Consensus vote recorded: node 3 decision=True reason=zkp_ok round=6 new=True satisfied=False"}
{"time":"2026-07-21 17:47:24,589","level":"INFO","node":2,"msg":"Consensus vote recorded: node 0 decision=True reason=zkp_ok round=6 new=True satisfied=True"}
{"time":"2026-07-21 17:47:40,314","level":"INFO","node":2,"msg":"Consensus vote recorded: node 1 decision=True reason=zkp_ok round=6 new=True satisfied=True"}
{"time":"2026-07-21 17:47:46,483","level":"INFO","node":2,"msg":"Received update from node 1, round 6"}
{"time":"2026-07-21 17:47:46,483","level":"INFO","node":2,"msg":"Round 7 complete — aggregating"}
{"time":"2026-07-21 17:47:46,511","level":"WARNING","node":2,"msg":"[BACKDOOR PROBE] Round 7 SUSPICIOUS: feature=1 value=6.0 forces class=1 flip_rate=1.000 jump=0.718 (thresholds: flip>0.7, jump>0.3)"}
{"time":"2026-07-21 17:47:46,553","level":"INFO","node":2,"msg":"Commit vote recorded: node 0 decision=True round=6 satisfied=False"}
{"time":"2026-07-21 17:47:46,557","level":"INFO","node":2,"msg":"Broadcast weights to node 0"}
{"time":"2026-07-21 17:47:46,597","level":"INFO","node":2,"msg":"Commit vote recorded: node 1 decision=True round=6 satisfied=True"}
{"time":"2026-07-21 17:47:46,597","level":"INFO","node":2,"msg":"Round 7 COMMITTED — model hash agreed by [2, 0, 1]"}
{"time":"2026-07-21 17:47:46,606","level":"INFO","node":2,"msg":"Commit certificate saved to C:\Users\mousu\OneDrive\Desktop\Set A\securefedhe\dashboard\certificates\round_6.json"}
{"time":"2026-07-21 17:47:46,611","level":"INFO","node":2,"msg":"Broadcast weights to node 1"}
{"time":"2026-07-21 17:47:46,655","level":"INFO","node":2,"msg":"Commit vote recorded: node 3 decision=True round=6 satisfied=True"}
{"time":"2026-07-21 17:47:46,656","level":"INFO","node":2,"msg":"Broadcast weights to node 3"}
{"time":"2026-07-21 17:47:46,658","level":"INFO","node":2,"msg":"Checkpoint saved to C:\Users\mousu\OneDrive\Desktop\Set A\securefedhe\dashboard\model_latest.pt"}
{"time":"2026-07-21 17:47:46,658","level":"INFO","node":2,"msg":"Round 7 complete | accuracy=0.8364 | duration=54.01s"}
{"time":"2026-07-21 17:47:46,658","level":"INFO","node":2,"msg":"Round 8 belongs to node 3 — waiting for their proposal."}
{"time":"2026-07-21 17:47:46,662","level":"INFO","node":2,"msg":"Notified next proposer to node 3"}
{"time":"2026-07-21 17:47:52,760","level":"INFO","node":2,"msg":"Proposal received: round=7 origin=3 hash=e0da46975b4a..."}
{"time":"2026-07-21 17:47:52,787","level":"INFO","node":2,"msg":"Consensus vote recorded: node 3 decision=True reason=zkp_ok round=7 new=True satisfied=False"}
{"time":"2026-07-21 17:48:02,473","level":"INFO","node":2,"msg":"Consensus vote recorded: node 0 decision=True reason=zkp_ok round=7 new=True satisfied=False"}
{"time":"2026-07-21 17:48:18,367","level":"INFO","node":2,"msg":"Consensus vote recorded: node 1 decision=True reason=zkp_ok round=7 new=True satisfied=True"}
{"time":"2026-07-21 17:48:24,473","level":"INFO","node":2,"msg":"Received update from node 1, round 7"}
{"time":"2026-07-21 17:48:34,063","level":"INFO","node":2,"msg":"ZKP ACCEPTED from node 1"}
{"time":"2026-07-21 17:48:34,079","level":"INFO","node":2,"msg":"Per-class agreement with node 3: class0=0.950 class1=0.933 gap=0.017"}
{"time":"2026-07-21 17:48:34,081","level":"INFO","node":2,"msg":"Per-class rolling gap for node 3: mean=0.017 over last 1 round(s)"}
{"time":"2026-07-21 17:48:34,084","level":"INFO","node":2,"msg":"Trust score for node 3: S=0.804 (Z=1.00 A=0.94 P=0.48 R=1.00) advisory only"}
{"time":"2026-07-21 17:48:34,112","level":"INFO","node":2,"msg":"Sent consensus vote to node 0"}
{"time":"2026-07-21 17:48:34,135","level":"INFO","node":2,"msg":"Sent consensus vote to node 1"}
{"time":"2026-07-21 17:48:34,162","level":"INFO","node":2,"msg":"Sent consensus vote to node 3"}
{"time":"2026-07-21 17:48:40,311","level":"INFO","node":2,"msg":"Forwarded to http://127.0.0.1:8003"}
{"time":"2026-07-21 17:48:40,426","level":"INFO","node":2,"msg":"Synced weights from master for round 7"}
{"time":"2026-07-21 17:48:40,435","level":"INFO","node":2,"msg":"Sent commit vote to node 3"}
{"time":"2026-07-21 17:48:46,704","level":"INFO","node":2,"msg":"Proposal received: round=8 origin=0 hash=c17a27e0bbf9..."}
{"time":"2026-07-21 17:48:46,719","level":"INFO","node":2,"msg":"Consensus vote recorded: node 0 decision=True reason=zkp_ok round=8 new=True satisfied=False"}
{"time":"2026-07-21 17:48:56,384","level":"INFO","node":2,"msg":"Consensus vote recorded: node 1 decision=True reason=zkp_ok round=8 new=True satisfied=False"}
{"time":"2026-07-21 17:49:02,533","level":"INFO","node":2,"msg":"Received update from node 1, round 8"}
{"time":"2026-07-21 17:49:12,184","level":"INFO","node":2,"msg":"ZKP ACCEPTED from node 1"}
{"time":"2026-07-21 17:49:12,184","level":"INFO","node":2,"msg":"fc_in col7 delta self-cosine for node 0: 0.0533 (delta_norm=0.2676)"}
{"time":"2026-07-21 17:49:12,202","level":"INFO","node":2,"msg":"Per-class agreement with node 0: class0=0.944 class1=0.936 gap=0.007"}
{"time":"2026-07-21 17:49:12,204","level":"INFO","node":2,"msg":"Per-class rolling gap for node 0: mean=0.092 over last 2 round(s)"}
{"time":"2026-07-21 17:49:12,205","level":"INFO","node":2,"msg":"Trust score for node 0: S=0.783 (Z=1.00 A=0.94 P=0.41 R=1.00) advisory only"}
{"time":"2026-07-21 17:49:12,217","level":"INFO","node":2,"msg":"Sent consensus vote to node 0"}
{"time":"2026-07-21 17:49:12,238","level":"INFO","node":2,"msg":"Sent consensus vote to node 1"}
{"time":"2026-07-21 17:49:12,247","level":"INFO","node":2,"msg":"Sent consensus vote to node 3"}
{"time":"2026-07-21 17:49:18,437","level":"INFO","node":2,"msg":"Forwarded to http://127.0.0.1:8003"}
{"time":"2026-07-21 17:49:28,191","level":"INFO","node":2,"msg":"Prediction agreement with node 3 round=8: A=0.918"}
{"time":"2026-07-21 17:49:28,192","level":"INFO","node":2,"msg":"Consensus vote recorded: node 3 decision=True reason=zkp_ok round=8 new=True satisfied=True"}
{"time":"2026-07-21 17:49:34,370","level":"INFO","node":2,"msg":"Synced weights from master for round 8"}
{"time":"2026-07-21 17:49:34,402","level":"INFO","node":2,"msg":"Sent commit vote to node 0"}
{"time":"2026-07-21 17:49:40,751","level":"INFO","node":2,"msg":"Proposal received: round=9 origin=1 hash=69fc01ba7659..."}
{"time":"2026-07-21 17:49:40,772","level":"INFO","node":2,"msg":"Consensus vote recorded: node 1 decision=True reason=zkp_ok round=9 new=True satisfied=False"}
{"time":"2026-07-21 17:49:40,783","level":"INFO","node":2,"msg":"Received update from node 1, round 9"}
{"time":"2026-07-21 17:49:50,456","level":"INFO","node":2,"msg":"ZKP ACCEPTED from node 1"}
{"time":"2026-07-21 17:49:50,456","level":"INFO","node":2,"msg":"fc_in col7 delta self-cosine for node 1: 0.0222 (delta_norm=0.2502)"}
{"time":"2026-07-21 17:49:50,467","level":"INFO","node":2,"msg":"Per-class agreement with node 1: class0=0.954 class1=0.931 gap=0.022"}
{"time":"2026-07-21 17:49:50,467","level":"INFO","node":2,"msg":"Per-class rolling gap for node 1: mean=0.067 over last 2 round(s)"}
{"time":"2026-07-21 17:49:50,470","level":"INFO","node":2,"msg":"Trust score for node 1: S=0.787 (Z=1.00 A=0.95 P=0.41 R=1.00) advisory only"}
{"time":"2026-07-21 17:49:50,493","level":"INFO","node":2,"msg":"Sent consensus vote to node 0"}
{"time":"2026-07-21 17:49:50,515","level":"INFO","node":2,"msg":"Sent consensus vote to node 1"}
{"time":"2026-07-21 17:49:50,543","level":"INFO","node":2,"msg":"Sent consensus vote to node 3"}
{"time":"2026-07-21 17:49:56,523","level":"INFO","node":2,"msg":"Forwarded to http://127.0.0.1:8003"}
{"time":"2026-07-21 17:50:06,286","level":"INFO","node":2,"msg":"Prediction agreement with node 3 round=9: A=0.922"}
{"time":"2026-07-21 17:50:06,286","level":"INFO","node":2,"msg":"Consensus vote recorded: node 3 decision=True reason=zkp_ok round=9 new=True satisfied=True"}
{"time":"2026-07-21 17:50:21,969","level":"INFO","node":2,"msg":"Prediction agreement with node 0 round=9: A=0.921"}
{"time":"2026-07-21 17:50:21,970","level":"INFO","node":2,"msg":"Consensus vote recorded: node 0 decision=True reason=zkp_ok round=9 new=True satisfied=True"}
{"time":"2026-07-21 17:50:28,016","level":"INFO","node":2,"msg":"Synced weights from master for round 9"}
{"time":"2026-07-21 17:50:28,045","level":"INFO","node":2,"msg":"Sent commit vote to node 1"}
{"time":"2026-07-21 17:50:28,099","level":"INFO","node":2,"msg":"My turn — starting round 11 as proposer."}
{"time":"2026-07-21 17:50:28,099","level":"INFO","node":2,"msg":"Starting round 11"}
{"time":"2026-07-21 17:50:34,290","level":"INFO","node":2,"msg":"Sent proposal to node 0"}
{"time":"2026-07-21 17:50:34,303","level":"INFO","node":2,"msg":"Sent proposal to node 1"}
{"time":"2026-07-21 17:50:34,327","level":"INFO","node":2,"msg":"Sent proposal to node 3"}
{"time":"2026-07-21 17:50:34,334","level":"INFO","node":2,"msg":"Sent consensus vote to node 0"}
{"time":"2026-07-21 17:50:34,339","level":"INFO","node":2,"msg":"Sent consensus vote to node 1"}
{"time":"2026-07-21 17:50:34,342","level":"INFO","node":2,"msg":"Sent consensus vote to node 3"}
{"time":"2026-07-21 17:50:34,347","level":"INFO","node":2,"msg":"Forwarded to http://127.0.0.1:8003"}
{"time":"2026-07-21 17:50:44,071","level":"INFO","node":2,"msg":"Consensus vote recorded: node 3 decision=True reason=zkp_ok round=10 new=True satisfied=False"}
{"time":"2026-07-21 17:50:59,882","level":"INFO","node":2,"msg":"Consensus vote recorded: node 0 decision=True reason=zkp_ok round=10 new=True satisfied=True"}
{"time":"2026-07-21 17:51:15,653","level":"INFO","node":2,"msg":"Consensus vote recorded: node 1 decision=True reason=zkp_ok round=10 new=True satisfied=True"}
{"time":"2026-07-21 17:51:21,751","level":"INFO","node":2,"msg":"Received update from node 1, round 10"}
{"time":"2026-07-21 17:51:21,751","level":"INFO","node":2,"msg":"Round 11 complete — aggregating"}
{"time":"2026-07-21 17:51:21,787","level":"WARNING","node":2,"msg":"[BACKDOOR PROBE] Round 11 SUSPICIOUS: feature=1 value=6.0 forces class=1 flip_rate=1.000 jump=0.709 (thresholds: flip>0.7, jump>0.3)"}
{"time":"2026-07-21 17:51:21,832","level":"INFO","node":2,"msg":"Commit vote recorded: node 0 decision=True round=10 satisfied=False"}
{"time":"2026-07-21 17:51:21,835","level":"INFO","node":2,"msg":"Broadcast weights to node 0"}
{"time":"2026-07-21 17:51:21,853","level":"INFO","node":2,"msg":"Commit vote recorded: node 1 decision=True round=10 satisfied=True"}
{"time":"2026-07-21 17:51:21,854","level":"INFO","node":2,"msg":"Round 11 COMMITTED — model hash agreed by [2, 0, 1]"}
{"time":"2026-07-21 17:51:21,857","level":"INFO","node":2,"msg":"Commit certificate saved to C:\Users\mousu\OneDrive\Desktop\Set A\securefedhe\dashboard\certificates\round_10.json"}
{"time":"2026-07-21 17:51:21,860","level":"INFO","node":2,"msg":"Broadcast weights to node 1"}
{"time":"2026-07-21 17:51:21,893","level":"INFO","node":2,"msg":"Commit vote recorded: node 3 decision=True round=10 satisfied=True"}
{"time":"2026-07-21 17:51:21,895","level":"INFO","node":2,"msg":"Broadcast weights to node 3"}
{"time":"2026-07-21 17:51:21,897","level":"INFO","node":2,"msg":"Checkpoint saved to C:\Users\mousu\OneDrive\Desktop\Set A\securefedhe\dashboard\model_latest.pt"}
{"time":"2026-07-21 17:51:21,897","level":"INFO","node":2,"msg":"Round 11 complete | accuracy=0.8091 | duration=53.80s"}
{"time":"2026-07-21 17:51:21,897","level":"INFO","node":2,"msg":"Round 12 belongs to node 3 — waiting for their proposal."}
{"time":"2026-07-21 17:51:21,900","level":"INFO","node":2,"msg":"Notified next proposer to node 3"}
{"time":"2026-07-21 17:51:28,067","level":"INFO","node":2,"msg":"Proposal received: round=11 origin=3 hash=3bef5bc1199e..."}
{"time":"2026-07-21 17:51:28,094","level":"INFO","node":2,"msg":"Consensus vote recorded: node 3 decision=True reason=zkp_ok round=11 new=True satisfied=False"}
{"time":"2026-07-21 17:51:37,837","level":"INFO","node":2,"msg":"Consensus vote recorded: node 0 decision=True reason=zkp_ok round=11 new=True satisfied=False"}
{"time":"2026-07-21 17:51:53,859","level":"INFO","node":2,"msg":"Consensus vote recorded: node 1 decision=True reason=zkp_ok round=11 new=True satisfied=True"}
{"time":"2026-07-21 17:52:00,059","level":"INFO","node":2,"msg":"Received update from node 1, round 11"}
{"time":"2026-07-21 17:52:09,773","level":"INFO","node":2,"msg":"ZKP ACCEPTED from node 1"}
{"time":"2026-07-21 17:52:09,773","level":"INFO","node":2,"msg":"fc_in col7 delta self-cosine for node 3: -0.0216 (delta_norm=0.1971)"}
{"time":"2026-07-21 17:52:09,780","level":"INFO","node":2,"msg":"Per-class agreement with node 3: class0=0.969 class1=0.936 gap=0.034"}
{"time":"2026-07-21 17:52:09,780","level":"INFO","node":2,"msg":"Per-class rolling gap for node 3: mean=0.025 over last 2 round(s)"}
{"time":"2026-07-21 17:52:09,781","level":"INFO","node":2,"msg":"Trust score for node 3: S=0.832 (Z=1.00 A=0.96 P=0.54 R=1.00) advisory only"}
{"time":"2026-07-21 17:52:09,794","level":"INFO","node":2,"msg":"Sent consensus vote to node 0"}
{"time":"2026-07-21 17:52:09,804","level":"INFO","node":2,"msg":"Sent consensus vote to node 1"}
{"time":"2026-07-21 17:52:09,817","level":"INFO","node":2,"msg":"Sent consensus vote to node 3"}
{"time":"2026-07-21 17:52:15,941","level":"INFO","node":2,"msg":"Forwarded to http://127.0.0.1:8003"}
{"time":"2026-07-21 17:52:16,050","level":"INFO","node":2,"msg":"Synced weights from master for round 11"}
{"time":"2026-07-21 17:52:16,056","level":"INFO","node":2,"msg":"Sent commit vote to node 3"}
{"time":"2026-07-21 17:52:22,226","level":"INFO","node":2,"msg":"Proposal received: round=12 origin=0 hash=608353cc15b6..."}
{"time":"2026-07-21 17:52:22,240","level":"INFO","node":2,"msg":"Consensus vote recorded: node 0 decision=True reason=zkp_ok round=12 new=True satisfied=False"}
{"time":"2026-07-21 17:52:31,923","level":"INFO","node":2,"msg":"Consensus vote recorded: node 1 decision=True reason=zkp_ok round=12 new=True satisfied=False"}
{"time":"2026-07-21 17:52:38,151","level":"INFO","node":2,"msg":"Received update from node 1, round 12"}
{"time":"2026-07-21 17:52:47,862","level":"INFO","node":2,"msg":"ZKP ACCEPTED from node 1"}
{"time":"2026-07-21 17:52:47,862","level":"INFO","node":2,"msg":"fc_in col7 delta self-cosine for node 0: -0.0815 (delta_norm=0.2440)"}
{"time":"2026-07-21 17:52:47,870","level":"INFO","node":2,"msg":"Per-class agreement with node 0: class0=0.971 class1=0.956 gap=0.014"}
{"time":"2026-07-21 17:52:47,870","level":"INFO","node":2,"msg":"Per-class rolling gap for node 0: mean=0.066 over last 3 round(s)"}
{"time":"2026-07-21 17:52:47,874","level":"INFO","node":2,"msg":"Trust score for node 0: S=0.823 (Z=1.00 A=0.97 P=0.48 R=1.00) advisory only"}
{"time":"2026-07-21 17:52:47,899","level":"INFO","node":2,"msg":"Sent consensus vote to node 0"}
{"time":"2026-07-21 17:52:47,919","level":"INFO","node":2,"msg":"Sent consensus vote to node 1"}
{"time":"2026-07-21 17:52:47,940","level":"INFO","node":2,"msg":"Sent consensus vote to node 3"}
{"time":"2026-07-21 17:52:54,007","level":"INFO","node":2,"msg":"Forwarded to http://127.0.0.1:8003"}
{"time":"2026-07-21 17:53:03,699","level":"INFO","node":2,"msg":"Prediction agreement with node 3 round=12: A=0.929"}
{"time":"2026-07-21 17:53:03,700","level":"INFO","node":2,"msg":"Consensus vote recorded: node 3 decision=True reason=zkp_ok round=12 new=True satisfied=True"}
{"time":"2026-07-21 17:53:09,683","level":"INFO","node":2,"msg":"Synced weights from master for round 12"}
{"time":"2026-07-21 17:53:09,695","level":"INFO","node":2,"msg":"Sent commit vote to node 0"}
{"time":"2026-07-21 17:53:16,091","level":"INFO","node":2,"msg":"Proposal received: round=13 origin=1 hash=bf5803daa58b..."}
{"time":"2026-07-21 17:53:16,129","level":"INFO","node":2,"msg":"Consensus vote recorded: node 1 decision=True reason=zkp_ok round=13 new=True satisfied=False"}
{"time":"2026-07-21 17:53:16,136","level":"INFO","node":2,"msg":"Received update from node 1, round 13"}
{"time":"2026-07-21 17:53:25,880","level":"INFO","node":2,"msg":"ZKP ACCEPTED from node 1"}
{"time":"2026-07-21 17:53:25,880","level":"INFO","node":2,"msg":"fc_in col7 delta self-cosine for node 1: -0.2276 (delta_norm=0.2409)"}
{"time":"2026-07-21 17:53:25,887","level":"INFO","node":2,"msg":"Per-class agreement with node 1: class0=0.967 class1=0.951 gap=0.016"}
{"time":"2026-07-21 17:53:25,887","level":"INFO","node":2,"msg":"Per-class rolling gap for node 1: mean=0.050 over last 3 round(s)"}
{"time":"2026-07-21 17:53:25,889","level":"INFO","node":2,"msg":"Trust score for node 1: S=0.825 (Z=1.00 A=0.96 P=0.50 R=1.00) advisory only"}
{"time":"2026-07-21 17:53:25,901","level":"INFO","node":2,"msg":"Sent consensus vote to node 0"}
{"time":"2026-07-21 17:53:25,909","level":"INFO","node":2,"msg":"Sent consensus vote to node 1"}
{"time":"2026-07-21 17:53:25,920","level":"INFO","node":2,"msg":"Sent consensus vote to node 3"}
{"time":"2026-07-21 17:53:31,976","level":"INFO","node":2,"msg":"Forwarded to http://127.0.0.1:8003"}
{"time":"2026-07-21 17:53:41,684","level":"INFO","node":2,"msg":"Prediction agreement with node 3 round=13: A=0.928"}
{"time":"2026-07-21 17:53:41,685","level":"INFO","node":2,"msg":"Consensus vote recorded: node 3 decision=True reason=zkp_ok round=13 new=True satisfied=True"}
{"time":"2026-07-21 17:53:57,570","level":"INFO","node":2,"msg":"Prediction agreement with node 0 round=13: A=0.928"}
{"time":"2026-07-21 17:53:57,570","level":"INFO","node":2,"msg":"Consensus vote recorded: node 0 decision=True reason=zkp_ok round=13 new=True satisfied=True"}
{"time":"2026-07-21 17:54:03,756","level":"INFO","node":2,"msg":"Synced weights from master for round 13"}
{"time":"2026-07-21 17:54:03,773","level":"INFO","node":2,"msg":"Sent commit vote to node 1"}
{"time":"2026-07-21 17:54:03,792","level":"INFO","node":2,"msg":"My turn — starting round 15 as proposer."}
{"time":"2026-07-21 17:54:03,792","level":"INFO","node":2,"msg":"Starting round 15"}
{"time":"2026-07-21 17:54:09,997","level":"INFO","node":2,"msg":"Sent proposal to node 0"}
{"time":"2026-07-21 17:54:09,997","level":"INFO","node":2,"msg":"Sent proposal to node 1"}
{"time":"2026-07-21 17:54:10,023","level":"INFO","node":2,"msg":"Sent proposal to node 3"}
{"time":"2026-07-21 17:54:10,031","level":"INFO","node":2,"msg":"Sent consensus vote to node 0"}
{"time":"2026-07-21 17:54:10,034","level":"INFO","node":2,"msg":"Sent consensus vote to node 1"}
{"time":"2026-07-21 17:54:10,037","level":"INFO","node":2,"msg":"Sent consensus vote to node 3"}
{"time":"2026-07-21 17:54:10,044","level":"INFO","node":2,"msg":"Forwarded to http://127.0.0.1:8003"}
{"time":"2026-07-21 17:54:19,676","level":"INFO","node":2,"msg":"Consensus vote recorded: node 3 decision=True reason=zkp_ok round=14 new=True satisfied=False"}
{"time":"2026-07-21 17:54:35,395","level":"INFO","node":2,"msg":"Consensus vote recorded: node 0 decision=True reason=zkp_ok round=14 new=True satisfied=True"}
{"time":"2026-07-21 17:54:51,123","level":"INFO","node":2,"msg":"Consensus vote recorded: node 1 decision=True reason=zkp_ok round=14 new=True satisfied=True"}
{"time":"2026-07-21 17:54:57,224","level":"INFO","node":2,"msg":"Received update from node 1, round 14"}
{"time":"2026-07-21 17:54:57,224","level":"INFO","node":2,"msg":"Round 15 complete — aggregating"}
{"time":"2026-07-21 17:54:57,249","level":"WARNING","node":2,"msg":"[BACKDOOR PROBE] Round 15 SUSPICIOUS: feature=1 value=6.0 forces class=1 flip_rate=1.000 jump=0.745 (thresholds: flip>0.7, jump>0.3)"}
{"time":"2026-07-21 17:54:57,279","level":"INFO","node":2,"msg":"Commit vote recorded: node 0 decision=True round=14 satisfied=False"}
{"time":"2026-07-21 17:54:57,279","level":"INFO","node":2,"msg":"Broadcast weights to node 0"}
{"time":"2026-07-21 17:54:57,298","level":"INFO","node":2,"msg":"Commit vote recorded: node 1 decision=True round=14 satisfied=True"}
{"time":"2026-07-21 17:54:57,298","level":"INFO","node":2,"msg":"Round 15 COMMITTED — model hash agreed by [2, 0, 1]"}
{"time":"2026-07-21 17:54:57,300","level":"INFO","node":2,"msg":"Commit certificate saved to C:\Users\mousu\OneDrive\Desktop\Set A\securefedhe\dashboard\certificates\round_14.json"}
{"time":"2026-07-21 17:54:57,302","level":"INFO","node":2,"msg":"Broadcast weights to node 1"}
{"time":"2026-07-21 17:54:57,349","level":"INFO","node":2,"msg":"Commit vote recorded: node 3 decision=True round=14 satisfied=True"}
{"time":"2026-07-21 17:54:57,351","level":"INFO","node":2,"msg":"Broadcast weights to node 3"}
{"time":"2026-07-21 17:54:57,353","level":"INFO","node":2,"msg":"Checkpoint saved to C:\Users\mousu\OneDrive\Desktop\Set A\securefedhe\dashboard\model_latest.pt"}
{"time":"2026-07-21 17:54:57,353","level":"INFO","node":2,"msg":"Round 15 complete | accuracy=0.8091 | duration=53.56s"}
{"time":"2026-07-21 17:54:57,353","level":"INFO","node":2,"msg":"Round 16 belongs to node 3 — waiting for their proposal."}
{"time":"2026-07-21 17:54:57,356","level":"INFO","node":2,"msg":"Notified next proposer to node 3"}
{"time":"2026-07-21 17:55:03,610","level":"INFO","node":2,"msg":"Proposal received: round=15 origin=3 hash=30febebfec1e..."}
{"time":"2026-07-21 17:55:03,626","level":"INFO","node":2,"msg":"Consensus vote recorded: node 3 decision=True reason=zkp_ok round=15 new=True satisfied=False"}
{"time":"2026-07-21 17:55:13,335","level":"INFO","node":2,"msg":"Consensus vote recorded: node 0 decision=True reason=zkp_ok round=15 new=True satisfied=False"}
{"time":"2026-07-21 17:55:29,220","level":"INFO","node":2,"msg":"Consensus vote recorded: node 1 decision=True reason=zkp_ok round=15 new=True satisfied=True"}
{"time":"2026-07-21 17:55:35,441","level":"INFO","node":2,"msg":"Received update from node 1, round 15"}
{"time":"2026-07-21 17:55:45,065","level":"INFO","node":2,"msg":"ZKP ACCEPTED from node 1"}
{"time":"2026-07-21 17:55:45,065","level":"INFO","node":2,"msg":"fc_in col7 delta self-cosine for node 3: -0.1238 (delta_norm=0.2360)"}
{"time":"2026-07-21 17:55:45,072","level":"INFO","node":2,"msg":"Per-class agreement with node 3: class0=0.972 class1=0.948 gap=0.024"}
{"time":"2026-07-21 17:55:45,072","level":"INFO","node":2,"msg":"Per-class rolling gap for node 3: mean=0.025 over last 3 round(s)"}
{"time":"2026-07-21 17:55:45,072","level":"INFO","node":2,"msg":"Trust score for node 3: S=0.827 (Z=1.00 A=0.96 P=0.50 R=1.00) advisory only"}
{"time":"2026-07-21 17:55:45,086","level":"INFO","node":2,"msg":"Sent consensus vote to node 0"}
{"time":"2026-07-21 17:55:45,105","level":"INFO","node":2,"msg":"Sent consensus vote to node 1"}
{"time":"2026-07-21 17:55:45,137","level":"INFO","node":2,"msg":"Sent consensus vote to node 3"}
{"time":"2026-07-21 17:55:51,342","level":"INFO","node":2,"msg":"Forwarded to http://127.0.0.1:8003"}
{"time":"2026-07-21 17:55:51,444","level":"INFO","node":2,"msg":"Synced weights from master for round 15"}
{"time":"2026-07-21 17:55:51,451","level":"INFO","node":2,"msg":"Sent commit vote to node 3"}
{"time":"2026-07-21 17:55:57,893","level":"INFO","node":2,"msg":"Proposal received: round=16 origin=0 hash=0b4f1adee936..."}
{"time":"2026-07-21 17:55:57,930","level":"INFO","node":2,"msg":"Consensus vote recorded: node 0 decision=True reason=zkp_ok round=16 new=True satisfied=False"}
{"time":"2026-07-21 17:56:07,790","level":"INFO","node":2,"msg":"Consensus vote recorded: node 1 decision=True reason=zkp_ok round=16 new=True satisfied=False"}
{"time":"2026-07-21 17:56:14,092","level":"INFO","node":2,"msg":"Received update from node 1, round 16"}
{"time":"2026-07-21 17:56:23,900","level":"INFO","node":2,"msg":"ZKP ACCEPTED from node 1"}
{"time":"2026-07-21 17:56:23,913","level":"INFO","node":2,"msg":"fc_in col7 delta self-cosine for node 0: -0.1670 (delta_norm=0.2257)"}
{"time":"2026-07-21 17:56:23,913","level":"INFO","node":2,"msg":"Per-class agreement with node 0: class0=0.940 class1=0.938 gap=0.002"}
{"time":"2026-07-21 17:56:23,913","level":"INFO","node":2,"msg":"Per-class rolling gap for node 0: mean=0.050 over last 4 round(s)"}
{"time":"2026-07-21 17:56:23,917","level":"INFO","node":2,"msg":"Trust score for node 0: S=0.820 (Z=1.00 A=0.94 P=0.55 R=1.00) advisory only"}
{"time":"2026-07-21 17:56:23,928","level":"INFO","node":2,"msg":"Sent consensus vote to node 0"}
{"time":"2026-07-21 17:56:23,957","level":"INFO","node":2,"msg":"Sent consensus vote to node 1"}
{"time":"2026-07-21 17:56:23,977","level":"INFO","node":2,"msg":"Sent consensus vote to node 3"}
{"time":"2026-07-21 17:56:30,088","level":"INFO","node":2,"msg":"Forwarded to http://127.0.0.1:8003"}
{"time":"2026-07-21 17:56:39,822","level":"INFO","node":2,"msg":"Prediction agreement with node 3 round=16: A=0.922"}
{"time":"2026-07-21 17:56:39,823","level":"INFO","node":2,"msg":"Consensus vote recorded: node 3 decision=True reason=zkp_ok round=16 new=True satisfied=True"}
{"time":"2026-07-21 17:56:46,021","level":"INFO","node":2,"msg":"Synced weights from master for round 16"}
{"time":"2026-07-21 17:56:46,032","level":"INFO","node":2,"msg":"Sent commit vote to node 0"}
{"time":"2026-07-21 17:56:52,284","level":"INFO","node":2,"msg":"Proposal received: round=17 origin=1 hash=a7f430d9a74d..."}
{"time":"2026-07-21 17:56:52,324","level":"INFO","node":2,"msg":"Consensus vote recorded: node 1 decision=True reason=zkp_ok round=17 new=True satisfied=False"}
{"time":"2026-07-21 17:56:52,342","level":"INFO","node":2,"msg":"Received update from node 1, round 17"}
{"time":"2026-07-21 17:57:01,932","level":"INFO","node":2,"msg":"ZKP ACCEPTED from node 1"}
{"time":"2026-07-21 17:57:01,948","level":"INFO","node":2,"msg":"fc_in col7 delta self-cosine for node 1: -0.0689 (delta_norm=0.2445)"}
{"time":"2026-07-21 17:57:01,953","level":"INFO","node":2,"msg":"Per-class agreement with node 1: class0=0.963 class1=0.953 gap=0.010"}
{"time":"2026-07-21 17:57:01,953","level":"INFO","node":2,"msg":"Per-class rolling gap for node 1: mean=0.040 over last 4 round(s)"}
{"time":"2026-07-21 17:57:01,957","level":"INFO","node":2,"msg":"Trust score for node 1: S=0.828 (Z=1.00 A=0.96 P=0.52 R=1.00) advisory only"}
{"time":"2026-07-21 17:57:01,969","level":"INFO","node":2,"msg":"Sent consensus vote to node 0"}
{"time":"2026-07-21 17:57:01,995","level":"INFO","node":2,"msg":"Sent consensus vote to node 1"}
{"time":"2026-07-21 17:57:02,026","level":"INFO","node":2,"msg":"Sent consensus vote to node 3"}
{"time":"2026-07-21 17:57:08,097","level":"INFO","node":2,"msg":"Forwarded to http://127.0.0.1:8003"}
{"time":"2026-07-21 17:57:17,853","level":"INFO","node":2,"msg":"Prediction agreement with node 3 round=17: A=0.924"}
{"time":"2026-07-21 17:57:17,853","level":"INFO","node":2,"msg":"Consensus vote recorded: node 3 decision=True reason=zkp_ok round=17 new=True satisfied=True"}
{"time":"2026-07-21 17:57:33,737","level":"INFO","node":2,"msg":"Prediction agreement with node 0 round=17: A=0.923"}
{"time":"2026-07-21 17:57:33,737","level":"INFO","node":2,"msg":"Consensus vote recorded: node 0 decision=True reason=zkp_ok round=17 new=True satisfied=True"}
{"time":"2026-07-21 17:57:39,900","level":"INFO","node":2,"msg":"Synced weights from master for round 17"}
{"time":"2026-07-21 17:57:39,918","level":"INFO","node":2,"msg":"Sent commit vote to node 1"}
{"time":"2026-07-21 17:57:39,959","level":"INFO","node":2,"msg":"My turn — starting round 19 as proposer."}
{"time":"2026-07-21 17:57:39,960","level":"INFO","node":2,"msg":"Starting round 19"}
{"time":"2026-07-21 17:57:46,244","level":"INFO","node":2,"msg":"Sent proposal to node 0"}
{"time":"2026-07-21 17:57:46,244","level":"INFO","node":2,"msg":"Sent proposal to node 1"}
{"time":"2026-07-21 17:57:46,262","level":"INFO","node":2,"msg":"Sent proposal to node 3"}
{"time":"2026-07-21 17:57:46,269","level":"INFO","node":2,"msg":"Sent consensus vote to node 0"}
{"time":"2026-07-21 17:57:46,274","level":"INFO","node":2,"msg":"Sent consensus vote to node 1"}
{"time":"2026-07-21 17:57:46,280","level":"INFO","node":2,"msg":"Sent consensus vote to node 3"}
{"time":"2026-07-21 17:57:46,289","level":"INFO","node":2,"msg":"Forwarded to http://127.0.0.1:8003"}
{"time":"2026-07-21 17:57:56,036","level":"INFO","node":2,"msg":"Consensus vote recorded: node 3 decision=True reason=zkp_ok round=18 new=True satisfied=False"}
{"time":"2026-07-21 17:58:11,621","level":"INFO","node":2,"msg":"Consensus vote recorded: node 0 decision=True reason=zkp_ok round=18 new=True satisfied=True"}
{"time":"2026-07-21 17:58:27,319","level":"INFO","node":2,"msg":"Consensus vote recorded: node 1 decision=True reason=zkp_ok round=18 new=True satisfied=True"}
{"time":"2026-07-21 17:58:33,562","level":"INFO","node":2,"msg":"Received update from node 1, round 18"}
{"time":"2026-07-21 17:58:33,562","level":"INFO","node":2,"msg":"Round 19 complete — aggregating"}
{"time":"2026-07-21 17:58:33,586","level":"WARNING","node":2,"msg":"[BACKDOOR PROBE] Round 19 SUSPICIOUS: feature=1 value=6.0 forces class=1 flip_rate=1.000 jump=0.718 (thresholds: flip>0.7, jump>0.3)"}
{"time":"2026-07-21 17:58:33,616","level":"INFO","node":2,"msg":"Commit vote recorded: node 0 decision=True round=18 satisfied=False"}
{"time":"2026-07-21 17:58:33,616","level":"INFO","node":2,"msg":"Broadcast weights to node 0"}
{"time":"2026-07-21 17:58:33,641","level":"INFO","node":2,"msg":"Commit vote recorded: node 1 decision=True round=18 satisfied=True"}
{"time":"2026-07-21 17:58:33,645","level":"INFO","node":2,"msg":"Round 19 COMMITTED — model hash agreed by [2, 0, 1]"}
{"time":"2026-07-21 17:58:33,645","level":"INFO","node":2,"msg":"Commit certificate saved to C:\Users\mousu\OneDrive\Desktop\Set A\securefedhe\dashboard\certificates\round_18.json"}
{"time":"2026-07-21 17:58:33,647","level":"INFO","node":2,"msg":"Broadcast weights to node 1"}
{"time":"2026-07-21 17:58:33,690","level":"INFO","node":2,"msg":"Commit vote recorded: node 3 decision=True round=18 satisfied=True"}
{"time":"2026-07-21 17:58:33,692","level":"INFO","node":2,"msg":"Broadcast weights to node 3"}
{"time":"2026-07-21 17:58:33,695","level":"INFO","node":2,"msg":"Checkpoint saved to C:\Users\mousu\OneDrive\Desktop\Set A\securefedhe\dashboard\model_latest.pt"}
{"time":"2026-07-21 17:58:33,695","level":"INFO","node":2,"msg":"Round 19 complete | accuracy=0.8545 | duration=53.73s"}
{"time":"2026-07-21 17:58:33,695","level":"INFO","node":2,"msg":"Round 20 belongs to node 3 — waiting for their proposal."}
{"time":"2026-07-21 17:58:33,698","level":"INFO","node":2,"msg":"Notified next proposer to node 3"}
{"time":"2026-07-21 17:58:39,898","level":"INFO","node":2,"msg":"Proposal received: round=19 origin=3 hash=bb42a9aeeb76..."}
{"time":"2026-07-21 17:58:39,910","level":"INFO","node":2,"msg":"Consensus vote recorded: node 3 decision=True reason=zkp_ok round=19 new=True satisfied=False"}
{"time":"2026-07-21 17:58:49,632","level":"INFO","node":2,"msg":"Consensus vote recorded: node 0 decision=True reason=zkp_ok round=19 new=True satisfied=False"}
{"time":"2026-07-21 17:59:05,493","level":"INFO","node":2,"msg":"Consensus vote recorded: node 1 decision=True reason=zkp_ok round=19 new=True satisfied=True"}
{"time":"2026-07-21 17:59:11,562","level":"INFO","node":2,"msg":"Received update from node 1, round 19"}
{"time":"2026-07-21 17:59:21,175","level":"INFO","node":2,"msg":"ZKP ACCEPTED from node 1"}
{"time":"2026-07-21 17:59:21,175","level":"INFO","node":2,"msg":"fc_in col7 delta self-cosine for node 3: -0.3052 (delta_norm=0.2334)"}
{"time":"2026-07-21 17:59:21,191","level":"INFO","node":2,"msg":"Per-class agreement with node 3: class0=0.973 class1=0.956 gap=0.017"}
{"time":"2026-07-21 17:59:21,191","level":"INFO","node":2,"msg":"Per-class rolling gap for node 3: mean=0.023 over last 4 round(s)"}
{"time":"2026-07-21 17:59:21,195","level":"INFO","node":2,"msg":"Trust score for node 3: S=0.799 (Z=1.00 A=0.97 P=0.39 R=1.00) advisory only"}
{"time":"2026-07-21 17:59:21,204","level":"INFO","node":2,"msg":"Sent consensus vote to node 0"}
{"time":"2026-07-21 17:59:21,229","level":"INFO","node":2,"msg":"Sent consensus vote to node 1"}
{"time":"2026-07-21 17:59:21,240","level":"INFO","node":2,"msg":"Sent consensus vote to node 3"}
{"time":"2026-07-21 17:59:27,258","level":"INFO","node":2,"msg":"Forwarded to http://127.0.0.1:8003"}
{"time":"2026-07-21 17:59:27,387","level":"INFO","node":2,"msg":"Synced weights from master for round 19"}
{"time":"2026-07-21 17:59:27,388","level":"INFO","node":2,"msg":"Training complete after 20 rounds"}
{"time":"2026-07-21 17:59:27,393","level":"INFO","node":2,"msg":"Sent commit vote to node 3"}
{"time":"2026-07-21 18:01:21,902","level":"INFO","node":2,"msg":"Watchdog fired but training already complete — ignoring, not excluding node 3."}
{"time":"2026-07-21 18:04:57,364","level":"INFO","node":2,"msg":"Watchdog fired but training already complete — ignoring, not excluding node 3."}
{"time":"2026-07-21 18:08:33,706","level":"INFO","node":2,"msg":"Watchdog fired but training already complete — ignoring, not excluding node 3."}
