{"time":"2026-07-21 17:36:16,829","level":"INFO","node":3,"msg":"Starting node 3: Community Wellness Center"}
{"time":"2026-07-21 17:36:16,834","level":"INFO","node":3,"msg":"[CONFIG DEBUG] attack_simulation loaded: enabled=False target_node=2 type=free_rider config_path=config_dev.json"}
{"time":"2026-07-21 17:41:11,321","level":"INFO","node":3,"msg":"Starting node 3: Community Wellness Center"}
{"time":"2026-07-21 17:41:11,321","level":"INFO","node":3,"msg":"[CONFIG DEBUG] attack_simulation loaded: enabled=False target_node=2 type=free_rider config_path=config_dev.json"}
{"time":"2026-07-21 17:41:11,374","level":"WARNING","node":3,"msg":"DEV MODE: running without TLS"}
{"time":"2026-07-21 17:41:11,374","level":"INFO","node":3,"msg":"Listening on 127.0.0.1:8003 | TLS=False"}
{"time":"2026-07-21 17:41:14,616","level":"INFO","node":3,"msg":"Key exchange complete with node 1"}
{"time":"2026-07-21 17:41:14,623","level":"INFO","node":3,"msg":"Consensus pubkey received from node 1"}
{"time":"2026-07-21 17:41:15,821","level":"INFO","node":3,"msg":"Key exchange complete with node 2"}
{"time":"2026-07-21 17:41:15,825","level":"INFO","node":3,"msg":"Consensus pubkey received from node 2"}
{"time":"2026-07-21 17:41:16,399","level":"INFO","node":3,"msg":"Sent consensus pubkey to node 0"}
{"time":"2026-07-21 17:41:16,422","level":"INFO","node":3,"msg":"Sent consensus pubkey to node 1"}
{"time":"2026-07-21 17:41:16,422","level":"INFO","node":3,"msg":"Sent public key to node 0"}
{"time":"2026-07-21 17:41:16,430","level":"INFO","node":3,"msg":"Sent public key to node 1"}
{"time":"2026-07-21 17:41:16,446","level":"INFO","node":3,"msg":"Sent consensus pubkey to node 2"}
{"time":"2026-07-21 17:41:16,449","level":"INFO","node":3,"msg":"Sent public key to node 2"}
{"time":"2026-07-21 17:41:25,704","level":"INFO","node":3,"msg":"Key exchange complete with node 0"}
{"time":"2026-07-21 17:41:25,727","level":"INFO","node":3,"msg":"Consensus pubkey received from node 0"}
{"time":"2026-07-21 17:41:32,857","level":"INFO","node":3,"msg":"Proposal received: round=0 origin=0 hash=3c8343b92b87..."}
{"time":"2026-07-21 17:41:32,892","level":"INFO","node":3,"msg":"Consensus vote recorded: node 0 decision=True reason=zkp_ok round=0 new=True satisfied=False"}
{"time":"2026-07-21 17:41:42,501","level":"INFO","node":3,"msg":"Consensus vote recorded: node 1 decision=True reason=zkp_ok round=0 new=True satisfied=False"}
{"time":"2026-07-21 17:41:59,173","level":"INFO","node":3,"msg":"Consensus vote recorded: node 2 decision=True reason=zkp_ok round=0 new=True satisfied=True"}
{"time":"2026-07-21 17:42:06,308","level":"INFO","node":3,"msg":"Received update from node 2, round 0"}
{"time":"2026-07-21 17:42:15,837","level":"INFO","node":3,"msg":"ZKP ACCEPTED from node 2"}
{"time":"2026-07-21 17:42:15,853","level":"INFO","node":3,"msg":"Trust score for node 0: S=0.429 (Z=1.00 A=0.50 P=0.50 R=1.00) advisory only"}
{"time":"2026-07-21 17:42:15,871","level":"INFO","node":3,"msg":"Sent consensus vote to node 0"}
{"time":"2026-07-21 17:42:15,875","level":"INFO","node":3,"msg":"Sent consensus vote to node 1"}
{"time":"2026-07-21 17:42:15,901","level":"INFO","node":3,"msg":"Sent consensus vote to node 2"}
{"time":"2026-07-21 17:42:22,951","level":"INFO","node":3,"msg":"Forwarded to http://127.0.0.1:8000"}
{"time":"2026-07-21 17:42:23,101","level":"INFO","node":3,"msg":"Synced weights from master for round 0"}
{"time":"2026-07-21 17:42:23,110","level":"INFO","node":3,"msg":"Sent commit vote to node 0"}
{"time":"2026-07-21 17:42:29,416","level":"INFO","node":3,"msg":"Proposal received: round=1 origin=1 hash=6c1d8b137bf8..."}
{"time":"2026-07-21 17:42:29,435","level":"INFO","node":3,"msg":"Consensus vote recorded: node 1 decision=True reason=zkp_ok round=1 new=True satisfied=False"}
{"time":"2026-07-21 17:42:39,114","level":"INFO","node":3,"msg":"Consensus vote recorded: node 2 decision=True reason=zkp_ok round=1 new=True satisfied=False"}
{"time":"2026-07-21 17:42:45,269","level":"INFO","node":3,"msg":"Received update from node 2, round 1"}
{"time":"2026-07-21 17:42:54,955","level":"INFO","node":3,"msg":"ZKP ACCEPTED from node 2"}
{"time":"2026-07-21 17:42:54,971","level":"INFO","node":3,"msg":"Trust score for node 1: S=0.429 (Z=1.00 A=0.50 P=0.50 R=1.00) advisory only"}
{"time":"2026-07-21 17:42:54,984","level":"INFO","node":3,"msg":"Sent consensus vote to node 0"}
{"time":"2026-07-21 17:42:54,992","level":"INFO","node":3,"msg":"Sent consensus vote to node 1"}
{"time":"2026-07-21 17:42:55,006","level":"INFO","node":3,"msg":"Sent consensus vote to node 2"}
{"time":"2026-07-21 17:43:01,101","level":"INFO","node":3,"msg":"Forwarded to http://127.0.0.1:8000"}
{"time":"2026-07-21 17:43:10,722","level":"INFO","node":3,"msg":"Prediction agreement with node 0 round=1: A=0.999"}
{"time":"2026-07-21 17:43:10,723","level":"INFO","node":3,"msg":"Consensus vote recorded: node 0 decision=True reason=zkp_ok round=1 new=True satisfied=True"}
{"time":"2026-07-21 17:43:16,932","level":"INFO","node":3,"msg":"Synced weights from master for round 1"}
{"time":"2026-07-21 17:43:16,952","level":"INFO","node":3,"msg":"Sent commit vote to node 1"}
{"time":"2026-07-21 17:43:23,206","level":"INFO","node":3,"msg":"Proposal received: round=2 origin=2 hash=e51b66263bb8..."}
{"time":"2026-07-21 17:43:23,221","level":"INFO","node":3,"msg":"Consensus vote recorded: node 2 decision=True reason=zkp_ok round=2 new=True satisfied=False"}
{"time":"2026-07-21 17:43:23,228","level":"INFO","node":3,"msg":"Received update from node 2, round 2"}
{"time":"2026-07-21 17:43:32,853","level":"INFO","node":3,"msg":"ZKP ACCEPTED from node 2"}
{"time":"2026-07-21 17:43:32,857","level":"INFO","node":3,"msg":"Trust score for node 2: S=0.429 (Z=1.00 A=0.50 P=0.50 R=1.00) advisory only"}
{"time":"2026-07-21 17:43:32,870","level":"INFO","node":3,"msg":"Sent consensus vote to node 0"}
{"time":"2026-07-21 17:43:32,894","level":"INFO","node":3,"msg":"Sent consensus vote to node 1"}
{"time":"2026-07-21 17:43:32,906","level":"INFO","node":3,"msg":"Sent consensus vote to node 2"}
{"time":"2026-07-21 17:43:38,971","level":"INFO","node":3,"msg":"Forwarded to http://127.0.0.1:8000"}
{"time":"2026-07-21 17:43:48,722","level":"INFO","node":3,"msg":"Prediction agreement with node 0 round=2: A=0.994"}
{"time":"2026-07-21 17:43:48,722","level":"INFO","node":3,"msg":"Consensus vote recorded: node 0 decision=True reason=zkp_ok round=2 new=True satisfied=True"}
{"time":"2026-07-21 17:44:04,461","level":"INFO","node":3,"msg":"Prediction agreement with node 1 round=2: A=0.993"}
{"time":"2026-07-21 17:44:04,462","level":"INFO","node":3,"msg":"Consensus vote recorded: node 1 decision=True reason=zkp_ok round=2 new=True satisfied=True"}
{"time":"2026-07-21 17:44:10,566","level":"INFO","node":3,"msg":"Synced weights from master for round 2"}
{"time":"2026-07-21 17:44:10,584","level":"INFO","node":3,"msg":"Sent commit vote to node 2"}
{"time":"2026-07-21 17:44:10,597","level":"INFO","node":3,"msg":"My turn — starting round 4 as proposer."}
{"time":"2026-07-21 17:44:10,598","level":"INFO","node":3,"msg":"Starting round 4"}
{"time":"2026-07-21 17:44:16,799","level":"INFO","node":3,"msg":"Sent proposal to node 0"}
{"time":"2026-07-21 17:44:16,799","level":"INFO","node":3,"msg":"Sent proposal to node 1"}
{"time":"2026-07-21 17:44:16,809","level":"INFO","node":3,"msg":"Sent proposal to node 2"}
{"time":"2026-07-21 17:44:16,816","level":"INFO","node":3,"msg":"Sent consensus vote to node 0"}
{"time":"2026-07-21 17:44:16,819","level":"INFO","node":3,"msg":"Sent consensus vote to node 1"}
{"time":"2026-07-21 17:44:16,823","level":"INFO","node":3,"msg":"Sent consensus vote to node 2"}
{"time":"2026-07-21 17:44:16,832","level":"INFO","node":3,"msg":"Forwarded to http://127.0.0.1:8000"}
{"time":"2026-07-21 17:44:26,487","level":"INFO","node":3,"msg":"Consensus vote recorded: node 0 decision=True reason=zkp_ok round=3 new=True satisfied=False"}
{"time":"2026-07-21 17:44:42,420","level":"INFO","node":3,"msg":"Consensus vote recorded: node 1 decision=True reason=zkp_ok round=3 new=True satisfied=True"}
{"time":"2026-07-21 17:44:58,394","level":"INFO","node":3,"msg":"Consensus vote recorded: node 2 decision=True reason=zkp_ok round=3 new=True satisfied=True"}
{"time":"2026-07-21 17:45:04,512","level":"INFO","node":3,"msg":"Received update from node 2, round 3"}
{"time":"2026-07-21 17:45:04,512","level":"INFO","node":3,"msg":"Round 4 complete — aggregating"}
{"time":"2026-07-21 17:45:04,519","level":"INFO","node":3,"msg":"Round 4 accuracy gate skipped (warm-up period, candidate_acc=0.8364)"}
{"time":"2026-07-21 17:45:04,565","level":"INFO","node":3,"msg":"Commit vote recorded: node 0 decision=True round=3 satisfied=False"}
{"time":"2026-07-21 17:45:04,567","level":"INFO","node":3,"msg":"Broadcast weights to node 0"}
{"time":"2026-07-21 17:45:04,619","level":"INFO","node":3,"msg":"Commit vote recorded: node 1 decision=True round=3 satisfied=True"}
{"time":"2026-07-21 17:45:04,619","level":"INFO","node":3,"msg":"Round 4 COMMITTED — model hash agreed by [3, 0, 1]"}
{"time":"2026-07-21 17:45:04,621","level":"INFO","node":3,"msg":"Commit certificate saved to C:\Users\mousu\OneDrive\Desktop\Set A\securefedhe\dashboard\certificates\round_3.json"}
{"time":"2026-07-21 17:45:04,623","level":"INFO","node":3,"msg":"Broadcast weights to node 1"}
{"time":"2026-07-21 17:45:04,639","level":"INFO","node":3,"msg":"Commit vote recorded: node 2 decision=True round=3 satisfied=True"}
{"time":"2026-07-21 17:45:04,642","level":"INFO","node":3,"msg":"Broadcast weights to node 2"}
{"time":"2026-07-21 17:45:04,653","level":"INFO","node":3,"msg":"Checkpoint saved to C:\Users\mousu\OneDrive\Desktop\Set A\securefedhe\dashboard\model_latest.pt"}
{"time":"2026-07-21 17:45:04,653","level":"INFO","node":3,"msg":"Round 4 complete | accuracy=0.8364 | duration=54.05s"}
{"time":"2026-07-21 17:45:04,653","level":"INFO","node":3,"msg":"Round 5 belongs to node 0 — waiting for their proposal."}
{"time":"2026-07-21 17:45:04,658","level":"INFO","node":3,"msg":"Notified next proposer to node 0"}
{"time":"2026-07-21 17:45:10,828","level":"INFO","node":3,"msg":"Proposal received: round=4 origin=0 hash=8eee11fc53c2..."}
{"time":"2026-07-21 17:45:10,842","level":"INFO","node":3,"msg":"Consensus vote recorded: node 0 decision=True reason=zkp_ok round=4 new=True satisfied=False"}
{"time":"2026-07-21 17:45:20,793","level":"INFO","node":3,"msg":"Consensus vote recorded: node 1 decision=True reason=zkp_ok round=4 new=True satisfied=False"}
{"time":"2026-07-21 17:45:36,727","level":"INFO","node":3,"msg":"Consensus vote recorded: node 2 decision=True reason=zkp_ok round=4 new=True satisfied=True"}
{"time":"2026-07-21 17:45:42,761","level":"INFO","node":3,"msg":"Received update from node 2, round 4"}
{"time":"2026-07-21 17:45:52,481","level":"INFO","node":3,"msg":"ZKP ACCEPTED from node 2"}
{"time":"2026-07-21 17:45:52,482","level":"INFO","node":3,"msg":"Per-class agreement with node 0: class0=0.864 class1=0.694 gap=0.170"}
{"time":"2026-07-21 17:45:52,486","level":"INFO","node":3,"msg":"Per-class rolling gap for node 0: mean=0.170 over last 1 round(s)"}
{"time":"2026-07-21 17:45:52,486","level":"INFO","node":3,"msg":"Trust score for node 0: S=0.682 (Z=1.00 A=0.81 P=0.45 R=1.00) advisory only"}
{"time":"2026-07-21 17:45:52,508","level":"INFO","node":3,"msg":"Sent consensus vote to node 0"}
{"time":"2026-07-21 17:45:52,528","level":"INFO","node":3,"msg":"Sent consensus vote to node 1"}
{"time":"2026-07-21 17:45:52,541","level":"INFO","node":3,"msg":"Sent consensus vote to node 2"}
{"time":"2026-07-21 17:45:58,498","level":"INFO","node":3,"msg":"Forwarded to http://127.0.0.1:8000"}
{"time":"2026-07-21 17:45:58,618","level":"INFO","node":3,"msg":"Synced weights from master for round 4"}
{"time":"2026-07-21 17:45:58,628","level":"INFO","node":3,"msg":"Sent commit vote to node 0"}
{"time":"2026-07-21 17:46:04,896","level":"INFO","node":3,"msg":"Proposal received: round=5 origin=1 hash=0635c6123eaf..."}
{"time":"2026-07-21 17:46:04,913","level":"INFO","node":3,"msg":"Consensus vote recorded: node 1 decision=True reason=zkp_ok round=5 new=True satisfied=False"}
{"time":"2026-07-21 17:46:14,713","level":"INFO","node":3,"msg":"Consensus vote recorded: node 2 decision=True reason=zkp_ok round=5 new=True satisfied=False"}
{"time":"2026-07-21 17:46:20,874","level":"INFO","node":3,"msg":"Received update from node 2, round 5"}
{"time":"2026-07-21 17:46:30,541","level":"INFO","node":3,"msg":"ZKP ACCEPTED from node 2"}
{"time":"2026-07-21 17:46:30,541","level":"INFO","node":3,"msg":"Per-class agreement with node 1: class0=0.788 class1=0.888 gap=0.100"}
{"time":"2026-07-21 17:46:30,541","level":"INFO","node":3,"msg":"Per-class rolling gap for node 1: mean=0.100 over last 1 round(s)"}
{"time":"2026-07-21 17:46:30,547","level":"INFO","node":3,"msg":"Trust score for node 1: S=0.699 (Z=1.00 A=0.82 P=0.48 R=1.00) advisory only"}
{"time":"2026-07-21 17:46:30,563","level":"INFO","node":3,"msg":"Sent consensus vote to node 0"}
{"time":"2026-07-21 17:46:30,582","level":"INFO","node":3,"msg":"Sent consensus vote to node 1"}
{"time":"2026-07-21 17:46:30,607","level":"INFO","node":3,"msg":"Sent consensus vote to node 2"}
{"time":"2026-07-21 17:46:36,719","level":"INFO","node":3,"msg":"Forwarded to http://127.0.0.1:8000"}
{"time":"2026-07-21 17:46:46,385","level":"INFO","node":3,"msg":"Prediction agreement with node 0 round=5: A=0.998"}
{"time":"2026-07-21 17:46:46,386","level":"INFO","node":3,"msg":"Consensus vote recorded: node 0 decision=True reason=zkp_ok round=5 new=True satisfied=True"}
{"time":"2026-07-21 17:46:52,616","level":"INFO","node":3,"msg":"Synced weights from master for round 5"}
{"time":"2026-07-21 17:46:52,640","level":"INFO","node":3,"msg":"Sent commit vote to node 1"}
{"time":"2026-07-21 17:46:59,030","level":"INFO","node":3,"msg":"Proposal received: round=6 origin=2 hash=8cdf50127be0..."}
{"time":"2026-07-21 17:46:59,049","level":"INFO","node":3,"msg":"Consensus vote recorded: node 2 decision=True reason=zkp_ok round=6 new=True satisfied=False"}
{"time":"2026-07-21 17:46:59,055","level":"INFO","node":3,"msg":"Received update from node 2, round 6"}
{"time":"2026-07-21 17:47:08,745","level":"INFO","node":3,"msg":"ZKP ACCEPTED from node 2"}
{"time":"2026-07-21 17:47:08,745","level":"INFO","node":3,"msg":"Per-class agreement with node 2: class0=0.902 class1=0.888 gap=0.014"}
{"time":"2026-07-21 17:47:08,749","level":"INFO","node":3,"msg":"Per-class rolling gap for node 2: mean=0.014 over last 1 round(s)"}
{"time":"2026-07-21 17:47:08,751","level":"INFO","node":3,"msg":"Trust score for node 2: S=0.760 (Z=1.00 A=0.90 P=0.46 R=1.00) advisory only"}
{"time":"2026-07-21 17:47:08,773","level":"INFO","node":3,"msg":"Sent consensus vote to node 0"}
{"time":"2026-07-21 17:47:08,792","level":"INFO","node":3,"msg":"Sent consensus vote to node 1"}
{"time":"2026-07-21 17:47:08,805","level":"INFO","node":3,"msg":"Sent consensus vote to node 2"}
{"time":"2026-07-21 17:47:14,884","level":"INFO","node":3,"msg":"Forwarded to http://127.0.0.1:8000"}
{"time":"2026-07-21 17:47:24,598","level":"INFO","node":3,"msg":"Prediction agreement with node 0 round=6: A=0.992"}
{"time":"2026-07-21 17:47:24,599","level":"INFO","node":3,"msg":"Consensus vote recorded: node 0 decision=True reason=zkp_ok round=6 new=True satisfied=True"}
{"time":"2026-07-21 17:47:40,328","level":"INFO","node":3,"msg":"Prediction agreement with node 1 round=6: A=0.989"}
{"time":"2026-07-21 17:47:40,329","level":"INFO","node":3,"msg":"Consensus vote recorded: node 1 decision=True reason=zkp_ok round=6 new=True satisfied=True"}
{"time":"2026-07-21 17:47:46,634","level":"INFO","node":3,"msg":"Synced weights from master for round 6"}
{"time":"2026-07-21 17:47:46,655","level":"INFO","node":3,"msg":"Sent commit vote to node 2"}
{"time":"2026-07-21 17:47:46,660","level":"INFO","node":3,"msg":"My turn — starting round 8 as proposer."}
{"time":"2026-07-21 17:47:46,660","level":"INFO","node":3,"msg":"Starting round 8"}
{"time":"2026-07-21 17:47:52,760","level":"INFO","node":3,"msg":"Sent proposal to node 0"}
{"time":"2026-07-21 17:47:52,760","level":"INFO","node":3,"msg":"Sent proposal to node 1"}
{"time":"2026-07-21 17:47:52,771","level":"INFO","node":3,"msg":"Sent proposal to node 2"}
{"time":"2026-07-21 17:47:52,779","level":"INFO","node":3,"msg":"Sent consensus vote to node 0"}
{"time":"2026-07-21 17:47:52,783","level":"INFO","node":3,"msg":"Sent consensus vote to node 1"}
{"time":"2026-07-21 17:47:52,788","level":"INFO","node":3,"msg":"Sent consensus vote to node 2"}
{"time":"2026-07-21 17:47:52,793","level":"INFO","node":3,"msg":"Forwarded to http://127.0.0.1:8000"}
{"time":"2026-07-21 17:48:02,485","level":"INFO","node":3,"msg":"Consensus vote recorded: node 0 decision=True reason=zkp_ok round=7 new=True satisfied=False"}
{"time":"2026-07-21 17:48:18,395","level":"INFO","node":3,"msg":"Consensus vote recorded: node 1 decision=True reason=zkp_ok round=7 new=True satisfied=True"}
{"time":"2026-07-21 17:48:34,161","level":"INFO","node":3,"msg":"Consensus vote recorded: node 2 decision=True reason=zkp_ok round=7 new=True satisfied=True"}
{"time":"2026-07-21 17:48:40,311","level":"INFO","node":3,"msg":"Received update from node 2, round 7"}
{"time":"2026-07-21 17:48:40,311","level":"INFO","node":3,"msg":"Round 8 complete — aggregating"}
{"time":"2026-07-21 17:48:40,338","level":"INFO","node":3,"msg":"[BACKDOOR PROBE] Round 8 clean — worst case flip_rate=1.000 jump=0.273 (feature=0, value=-6.0)"}
{"time":"2026-07-21 17:48:40,372","level":"INFO","node":3,"msg":"Commit vote recorded: node 0 decision=True round=7 satisfied=False"}
{"time":"2026-07-21 17:48:40,379","level":"INFO","node":3,"msg":"Broadcast weights to node 0"}
{"time":"2026-07-21 17:48:40,409","level":"INFO","node":3,"msg":"Commit vote recorded: node 1 decision=True round=7 satisfied=True"}
{"time":"2026-07-21 17:48:40,409","level":"INFO","node":3,"msg":"Round 8 COMMITTED — model hash agreed by [3, 0, 1]"}
{"time":"2026-07-21 17:48:40,412","level":"INFO","node":3,"msg":"Commit certificate saved to C:\Users\mousu\OneDrive\Desktop\Set A\securefedhe\dashboard\certificates\round_7.json"}
{"time":"2026-07-21 17:48:40,415","level":"INFO","node":3,"msg":"Broadcast weights to node 1"}
{"time":"2026-07-21 17:48:40,434","level":"INFO","node":3,"msg":"Commit vote recorded: node 2 decision=True round=7 satisfied=True"}
{"time":"2026-07-21 17:48:40,437","level":"INFO","node":3,"msg":"Broadcast weights to node 2"}
{"time":"2026-07-21 17:48:40,440","level":"INFO","node":3,"msg":"Checkpoint saved to C:\Users\mousu\OneDrive\Desktop\Set A\securefedhe\dashboard\model_latest.pt"}
{"time":"2026-07-21 17:48:40,440","level":"INFO","node":3,"msg":"Round 8 complete | accuracy=0.8455 | duration=53.78s"}
{"time":"2026-07-21 17:48:40,440","level":"INFO","node":3,"msg":"Round 9 belongs to node 0 — waiting for their proposal."}
{"time":"2026-07-21 17:48:40,445","level":"INFO","node":3,"msg":"Notified next proposer to node 0"}
{"time":"2026-07-21 17:48:46,704","level":"INFO","node":3,"msg":"Proposal received: round=8 origin=0 hash=c17a27e0bbf9..."}
{"time":"2026-07-21 17:48:46,722","level":"INFO","node":3,"msg":"Consensus vote recorded: node 0 decision=True reason=zkp_ok round=8 new=True satisfied=False"}
{"time":"2026-07-21 17:48:56,397","level":"INFO","node":3,"msg":"Consensus vote recorded: node 1 decision=True reason=zkp_ok round=8 new=True satisfied=False"}
{"time":"2026-07-21 17:49:12,246","level":"INFO","node":3,"msg":"Consensus vote recorded: node 2 decision=True reason=zkp_ok round=8 new=True satisfied=True"}
{"time":"2026-07-21 17:49:18,437","level":"INFO","node":3,"msg":"Received update from node 2, round 8"}
{"time":"2026-07-21 17:49:28,102","level":"INFO","node":3,"msg":"ZKP ACCEPTED from node 2"}
{"time":"2026-07-21 17:49:28,102","level":"INFO","node":3,"msg":"fc_in col7 delta self-cosine for node 0: 0.0374 (delta_norm=0.2211)"}
{"time":"2026-07-21 17:49:28,121","level":"INFO","node":3,"msg":"Per-class agreement with node 0: class0=0.952 class1=0.944 gap=0.008"}
{"time":"2026-07-21 17:49:28,121","level":"INFO","node":3,"msg":"Per-class rolling gap for node 0: mean=0.089 over last 2 round(s)"}
{"time":"2026-07-21 17:49:28,123","level":"INFO","node":3,"msg":"Trust score for node 0: S=0.809 (Z=1.00 A=0.95 P=0.48 R=1.00) advisory only"}
{"time":"2026-07-21 17:49:28,153","level":"INFO","node":3,"msg":"Sent consensus vote to node 0"}
{"time":"2026-07-21 17:49:28,168","level":"INFO","node":3,"msg":"Sent consensus vote to node 1"}
{"time":"2026-07-21 17:49:28,192","level":"INFO","node":3,"msg":"Sent consensus vote to node 2"}
{"time":"2026-07-21 17:49:34,270","level":"INFO","node":3,"msg":"Forwarded to http://127.0.0.1:8000"}
{"time":"2026-07-21 17:49:34,419","level":"INFO","node":3,"msg":"Synced weights from master for round 8"}
{"time":"2026-07-21 17:49:34,426","level":"INFO","node":3,"msg":"Sent commit vote to node 0"}
{"time":"2026-07-21 17:49:40,751","level":"INFO","node":3,"msg":"Proposal received: round=9 origin=1 hash=69fc01ba7659..."}
{"time":"2026-07-21 17:49:40,777","level":"INFO","node":3,"msg":"Consensus vote recorded: node 1 decision=True reason=zkp_ok round=9 new=True satisfied=False"}
{"time":"2026-07-21 17:49:50,542","level":"INFO","node":3,"msg":"Consensus vote recorded: node 2 decision=True reason=zkp_ok round=9 new=True satisfied=False"}
{"time":"2026-07-21 17:49:56,523","level":"INFO","node":3,"msg":"Received update from node 2, round 9"}
{"time":"2026-07-21 17:50:06,220","level":"INFO","node":3,"msg":"ZKP ACCEPTED from node 2"}
{"time":"2026-07-21 17:50:06,221","level":"INFO","node":3,"msg":"fc_in col7 delta self-cosine for node 1: 0.0794 (delta_norm=0.1946)"}
{"time":"2026-07-21 17:50:06,222","level":"INFO","node":3,"msg":"Per-class agreement with node 1: class0=0.951 class1=0.937 gap=0.015"}
{"time":"2026-07-21 17:50:06,222","level":"INFO","node":3,"msg":"Per-class rolling gap for node 1: mean=0.057 over last 2 round(s)"}
{"time":"2026-07-21 17:50:06,225","level":"INFO","node":3,"msg":"Trust score for node 1: S=0.787 (Z=1.00 A=0.95 P=0.41 R=1.00) advisory only"}
{"time":"2026-07-21 17:50:06,239","level":"INFO","node":3,"msg":"Sent consensus vote to node 0"}
{"time":"2026-07-21 17:50:06,249","level":"INFO","node":3,"msg":"Sent consensus vote to node 1"}
{"time":"2026-07-21 17:50:06,288","level":"INFO","node":3,"msg":"Sent consensus vote to node 2"}
{"time":"2026-07-21 17:50:12,213","level":"INFO","node":3,"msg":"Forwarded to http://127.0.0.1:8000"}
{"time":"2026-07-21 17:50:21,981","level":"INFO","node":3,"msg":"Prediction agreement with node 0 round=9: A=0.998"}
{"time":"2026-07-21 17:50:21,981","level":"INFO","node":3,"msg":"Consensus vote recorded: node 0 decision=True reason=zkp_ok round=9 new=True satisfied=True"}
{"time":"2026-07-21 17:50:28,075","level":"INFO","node":3,"msg":"Synced weights from master for round 9"}
{"time":"2026-07-21 17:50:28,094","level":"INFO","node":3,"msg":"Sent commit vote to node 1"}
{"time":"2026-07-21 17:50:34,324","level":"INFO","node":3,"msg":"Proposal received: round=10 origin=2 hash=362b4570958a..."}
{"time":"2026-07-21 17:50:34,341","level":"INFO","node":3,"msg":"Consensus vote recorded: node 2 decision=True reason=zkp_ok round=10 new=True satisfied=False"}
{"time":"2026-07-21 17:50:34,345","level":"INFO","node":3,"msg":"Received update from node 2, round 10"}
{"time":"2026-07-21 17:50:44,004","level":"INFO","node":3,"msg":"ZKP ACCEPTED from node 2"}
{"time":"2026-07-21 17:50:44,004","level":"INFO","node":3,"msg":"fc_in col7 delta self-cosine for node 2: -0.0610 (delta_norm=0.2841)"}
{"time":"2026-07-21 17:50:44,011","level":"INFO","node":3,"msg":"Per-class agreement with node 2: class0=0.960 class1=0.941 gap=0.019"}
{"time":"2026-07-21 17:50:44,013","level":"INFO","node":3,"msg":"Per-class rolling gap for node 2: mean=0.016 over last 2 round(s)"}
{"time":"2026-07-21 17:50:44,015","level":"INFO","node":3,"msg":"Trust score for node 2: S=0.793 (Z=1.00 A=0.95 P=0.41 R=1.00) advisory only"}
{"time":"2026-07-21 17:50:44,035","level":"INFO","node":3,"msg":"Sent consensus vote to node 0"}
{"time":"2026-07-21 17:50:44,060","level":"INFO","node":3,"msg":"Sent consensus vote to node 1"}
{"time":"2026-07-21 17:50:44,072","level":"INFO","node":3,"msg":"Sent consensus vote to node 2"}
{"time":"2026-07-21 17:50:50,160","level":"INFO","node":3,"msg":"Forwarded to http://127.0.0.1:8000"}
{"time":"2026-07-21 17:50:59,892","level":"INFO","node":3,"msg":"Prediction agreement with node 0 round=10: A=0.990"}
{"time":"2026-07-21 17:50:59,893","level":"INFO","node":3,"msg":"Consensus vote recorded: node 0 decision=True reason=zkp_ok round=10 new=True satisfied=True"}
{"time":"2026-07-21 17:51:15,669","level":"INFO","node":3,"msg":"Prediction agreement with node 1 round=10: A=0.988"}
{"time":"2026-07-21 17:51:15,669","level":"INFO","node":3,"msg":"Consensus vote recorded: node 1 decision=True reason=zkp_ok round=10 new=True satisfied=True"}
{"time":"2026-07-21 17:51:21,881","level":"INFO","node":3,"msg":"Synced weights from master for round 10"}
{"time":"2026-07-21 17:51:21,894","level":"INFO","node":3,"msg":"Sent commit vote to node 2"}
{"time":"2026-07-21 17:51:21,900","level":"INFO","node":3,"msg":"My turn — starting round 12 as proposer."}
{"time":"2026-07-21 17:51:21,900","level":"INFO","node":3,"msg":"Starting round 12"}
{"time":"2026-07-21 17:51:28,067","level":"INFO","node":3,"msg":"Sent proposal to node 0"}
{"time":"2026-07-21 17:51:28,067","level":"INFO","node":3,"msg":"Sent proposal to node 1"}
{"time":"2026-07-21 17:51:28,067","level":"INFO","node":3,"msg":"Sent proposal to node 2"}
{"time":"2026-07-21 17:51:28,084","level":"INFO","node":3,"msg":"Sent consensus vote to node 0"}
{"time":"2026-07-21 17:51:28,089","level":"INFO","node":3,"msg":"Sent consensus vote to node 1"}
{"time":"2026-07-21 17:51:28,095","level":"INFO","node":3,"msg":"Sent consensus vote to node 2"}
{"time":"2026-07-21 17:51:28,100","level":"INFO","node":3,"msg":"Forwarded to http://127.0.0.1:8000"}
{"time":"2026-07-21 17:51:37,846","level":"INFO","node":3,"msg":"Consensus vote recorded: node 0 decision=True reason=zkp_ok round=11 new=True satisfied=False"}
{"time":"2026-07-21 17:51:53,872","level":"INFO","node":3,"msg":"Consensus vote recorded: node 1 decision=True reason=zkp_ok round=11 new=True satisfied=True"}
{"time":"2026-07-21 17:52:09,816","level":"INFO","node":3,"msg":"Consensus vote recorded: node 2 decision=True reason=zkp_ok round=11 new=True satisfied=True"}
{"time":"2026-07-21 17:52:15,941","level":"INFO","node":3,"msg":"Received update from node 2, round 11"}
{"time":"2026-07-21 17:52:15,941","level":"INFO","node":3,"msg":"Round 12 complete — aggregating"}
{"time":"2026-07-21 17:52:15,967","level":"WARNING","node":3,"msg":"[BACKDOOR PROBE] Round 12 SUSPICIOUS: feature=1 value=5.0 forces class=1 flip_rate=1.000 jump=0.727 (thresholds: flip>0.7, jump>0.3)"}
{"time":"2026-07-21 17:52:16,008","level":"INFO","node":3,"msg":"Commit vote recorded: node 0 decision=True round=11 satisfied=False"}
{"time":"2026-07-21 17:52:16,010","level":"INFO","node":3,"msg":"Broadcast weights to node 0"}
{"time":"2026-07-21 17:52:16,040","level":"INFO","node":3,"msg":"Commit vote recorded: node 1 decision=True round=11 satisfied=True"}
{"time":"2026-07-21 17:52:16,040","level":"INFO","node":3,"msg":"Round 12 COMMITTED — model hash agreed by [3, 0, 1]"}
{"time":"2026-07-21 17:52:16,042","level":"INFO","node":3,"msg":"Commit certificate saved to C:\Users\mousu\OneDrive\Desktop\Set A\securefedhe\dashboard\certificates\round_11.json"}
{"time":"2026-07-21 17:52:16,044","level":"INFO","node":3,"msg":"Broadcast weights to node 1"}
{"time":"2026-07-21 17:52:16,055","level":"INFO","node":3,"msg":"Commit vote recorded: node 2 decision=True round=11 satisfied=True"}
{"time":"2026-07-21 17:52:16,057","level":"INFO","node":3,"msg":"Broadcast weights to node 2"}
{"time":"2026-07-21 17:52:16,058","level":"INFO","node":3,"msg":"Checkpoint saved to C:\Users\mousu\OneDrive\Desktop\Set A\securefedhe\dashboard\model_latest.pt"}
{"time":"2026-07-21 17:52:16,059","level":"INFO","node":3,"msg":"Round 12 complete | accuracy=0.8273 | duration=54.16s"}
{"time":"2026-07-21 17:52:16,059","level":"INFO","node":3,"msg":"Round 13 belongs to node 0 — waiting for their proposal."}
{"time":"2026-07-21 17:52:16,062","level":"INFO","node":3,"msg":"Notified next proposer to node 0"}
{"time":"2026-07-21 17:52:22,226","level":"INFO","node":3,"msg":"Proposal received: round=12 origin=0 hash=608353cc15b6..."}
{"time":"2026-07-21 17:52:22,243","level":"INFO","node":3,"msg":"Consensus vote recorded: node 0 decision=True reason=zkp_ok round=12 new=True satisfied=False"}
{"time":"2026-07-21 17:52:31,939","level":"INFO","node":3,"msg":"Consensus vote recorded: node 1 decision=True reason=zkp_ok round=12 new=True satisfied=False"}
{"time":"2026-07-21 17:52:47,940","level":"INFO","node":3,"msg":"Consensus vote recorded: node 2 decision=True reason=zkp_ok round=12 new=True satisfied=True"}
{"time":"2026-07-21 17:52:54,007","level":"INFO","node":3,"msg":"Received update from node 2, round 12"}
{"time":"2026-07-21 17:53:03,624","level":"INFO","node":3,"msg":"ZKP ACCEPTED from node 2"}
{"time":"2026-07-21 17:53:03,624","level":"INFO","node":3,"msg":"fc_in col7 delta self-cosine for node 0: 0.0808 (delta_norm=0.1949)"}
{"time":"2026-07-21 17:53:03,640","level":"INFO","node":3,"msg":"Per-class agreement with node 0: class0=0.961 class1=0.962 gap=0.001"}
{"time":"2026-07-21 17:53:03,640","level":"INFO","node":3,"msg":"Per-class rolling gap for node 0: mean=0.060 over last 3 round(s)"}
{"time":"2026-07-21 17:53:03,646","level":"INFO","node":3,"msg":"Trust score for node 0: S=0.819 (Z=1.00 A=0.96 P=0.48 R=1.00) advisory only"}
{"time":"2026-07-21 17:53:03,663","level":"INFO","node":3,"msg":"Sent consensus vote to node 0"}
{"time":"2026-07-21 17:53:03,672","level":"INFO","node":3,"msg":"Sent consensus vote to node 1"}
{"time":"2026-07-21 17:53:03,701","level":"INFO","node":3,"msg":"Sent consensus vote to node 2"}
{"time":"2026-07-21 17:53:09,603","level":"INFO","node":3,"msg":"Forwarded to http://127.0.0.1:8000"}
{"time":"2026-07-21 17:53:09,706","level":"INFO","node":3,"msg":"Synced weights from master for round 12"}
{"time":"2026-07-21 17:53:09,716","level":"INFO","node":3,"msg":"Sent commit vote to node 0"}
{"time":"2026-07-21 17:53:16,121","level":"INFO","node":3,"msg":"Proposal received: round=13 origin=1 hash=bf5803daa58b..."}
{"time":"2026-07-21 17:53:16,132","level":"INFO","node":3,"msg":"Consensus vote recorded: node 1 decision=True reason=zkp_ok round=13 new=True satisfied=False"}
{"time":"2026-07-21 17:53:25,918","level":"INFO","node":3,"msg":"Consensus vote recorded: node 2 decision=True reason=zkp_ok round=13 new=True satisfied=False"}
{"time":"2026-07-21 17:53:31,976","level":"INFO","node":3,"msg":"Received update from node 2, round 13"}
{"time":"2026-07-21 17:53:41,595","level":"INFO","node":3,"msg":"ZKP ACCEPTED from node 2"}
{"time":"2026-07-21 17:53:41,595","level":"INFO","node":3,"msg":"fc_in col7 delta self-cosine for node 1: 0.0760 (delta_norm=0.1890)"}
{"time":"2026-07-21 17:53:41,605","level":"INFO","node":3,"msg":"Per-class agreement with node 1: class0=0.971 class1=0.967 gap=0.004"}
{"time":"2026-07-21 17:53:41,605","level":"INFO","node":3,"msg":"Per-class rolling gap for node 1: mean=0.039 over last 3 round(s)"}
{"time":"2026-07-21 17:53:41,608","level":"INFO","node":3,"msg":"Trust score for node 1: S=0.836 (Z=1.00 A=0.97 P=0.52 R=1.00) advisory only"}
{"time":"2026-07-21 17:53:41,635","level":"INFO","node":3,"msg":"Sent consensus vote to node 0"}
{"time":"2026-07-21 17:53:41,657","level":"INFO","node":3,"msg":"Sent consensus vote to node 1"}
{"time":"2026-07-21 17:53:41,685","level":"INFO","node":3,"msg":"Sent consensus vote to node 2"}
{"time":"2026-07-21 17:53:47,865","level":"INFO","node":3,"msg":"Forwarded to http://127.0.0.1:8000"}
{"time":"2026-07-21 17:53:57,587","level":"INFO","node":3,"msg":"Prediction agreement with node 0 round=13: A=0.999"}
{"time":"2026-07-21 17:53:57,588","level":"INFO","node":3,"msg":"Consensus vote recorded: node 0 decision=True reason=zkp_ok round=13 new=True satisfied=True"}
{"time":"2026-07-21 17:54:03,779","level":"INFO","node":3,"msg":"Synced weights from master for round 13"}
{"time":"2026-07-21 17:54:03,786","level":"INFO","node":3,"msg":"Sent commit vote to node 1"}
{"time":"2026-07-21 17:54:10,021","level":"INFO","node":3,"msg":"Proposal received: round=14 origin=2 hash=d8bd2cf1be32..."}
{"time":"2026-07-21 17:54:10,037","level":"INFO","node":3,"msg":"Consensus vote recorded: node 2 decision=True reason=zkp_ok round=14 new=True satisfied=False"}
{"time":"2026-07-21 17:54:10,044","level":"INFO","node":3,"msg":"Received update from node 2, round 14"}
{"time":"2026-07-21 17:54:19,629","level":"INFO","node":3,"msg":"ZKP ACCEPTED from node 2"}
{"time":"2026-07-21 17:54:19,629","level":"INFO","node":3,"msg":"fc_in col7 delta self-cosine for node 2: -0.1391 (delta_norm=0.2523)"}
{"time":"2026-07-21 17:54:19,634","level":"INFO","node":3,"msg":"Per-class agreement with node 2: class0=0.959 class1=0.956 gap=0.004"}
{"time":"2026-07-21 17:54:19,634","level":"INFO","node":3,"msg":"Per-class rolling gap for node 2: mean=0.012 over last 3 round(s)"}
{"time":"2026-07-21 17:54:19,636","level":"INFO","node":3,"msg":"Trust score for node 2: S=0.801 (Z=1.00 A=0.96 P=0.43 R=1.00) advisory only"}
{"time":"2026-07-21 17:54:19,646","level":"INFO","node":3,"msg":"Sent consensus vote to node 0"}
{"time":"2026-07-21 17:54:19,667","level":"INFO","node":3,"msg":"Sent consensus vote to node 1"}
{"time":"2026-07-21 17:54:19,677","level":"INFO","node":3,"msg":"Sent consensus vote to node 2"}
{"time":"2026-07-21 17:54:25,737","level":"INFO","node":3,"msg":"Forwarded to http://127.0.0.1:8000"}
{"time":"2026-07-21 17:54:35,425","level":"INFO","node":3,"msg":"Prediction agreement with node 0 round=14: A=0.987"}
{"time":"2026-07-21 17:54:35,425","level":"INFO","node":3,"msg":"Consensus vote recorded: node 0 decision=True reason=zkp_ok round=14 new=True satisfied=True"}
{"time":"2026-07-21 17:54:51,167","level":"INFO","node":3,"msg":"Prediction agreement with node 1 round=14: A=0.985"}
{"time":"2026-07-21 17:54:51,167","level":"INFO","node":3,"msg":"Consensus vote recorded: node 1 decision=True reason=zkp_ok round=14 new=True satisfied=True"}
{"time":"2026-07-21 17:54:57,314","level":"INFO","node":3,"msg":"Synced weights from master for round 14"}
{"time":"2026-07-21 17:54:57,349","level":"INFO","node":3,"msg":"Sent commit vote to node 2"}
{"time":"2026-07-21 17:54:57,355","level":"INFO","node":3,"msg":"My turn — starting round 16 as proposer."}
{"time":"2026-07-21 17:54:57,355","level":"INFO","node":3,"msg":"Starting round 16"}
{"time":"2026-07-21 17:55:03,577","level":"INFO","node":3,"msg":"Sent proposal to node 0"}
{"time":"2026-07-21 17:55:03,583","level":"INFO","node":3,"msg":"Sent proposal to node 1"}
{"time":"2026-07-21 17:55:03,611","level":"INFO","node":3,"msg":"Sent proposal to node 2"}
{"time":"2026-07-21 17:55:03,618","level":"INFO","node":3,"msg":"Sent consensus vote to node 0"}
{"time":"2026-07-21 17:55:03,623","level":"INFO","node":3,"msg":"Sent consensus vote to node 1"}
{"time":"2026-07-21 17:55:03,627","level":"INFO","node":3,"msg":"Sent consensus vote to node 2"}
{"time":"2026-07-21 17:55:03,634","level":"INFO","node":3,"msg":"Forwarded to http://127.0.0.1:8000"}
{"time":"2026-07-21 17:55:13,358","level":"INFO","node":3,"msg":"Consensus vote recorded: node 0 decision=True reason=zkp_ok round=15 new=True satisfied=False"}
{"time":"2026-07-21 17:55:29,234","level":"INFO","node":3,"msg":"Consensus vote recorded: node 1 decision=True reason=zkp_ok round=15 new=True satisfied=True"}
{"time":"2026-07-21 17:55:45,136","level":"INFO","node":3,"msg":"Consensus vote recorded: node 2 decision=True reason=zkp_ok round=15 new=True satisfied=True"}
{"time":"2026-07-21 17:55:51,342","level":"INFO","node":3,"msg":"Received update from node 2, round 15"}
{"time":"2026-07-21 17:55:51,342","level":"INFO","node":3,"msg":"Round 16 complete — aggregating"}
{"time":"2026-07-21 17:55:51,377","level":"WARNING","node":3,"msg":"[BACKDOOR PROBE] Round 16 SUSPICIOUS: feature=1 value=6.0 forces class=1 flip_rate=1.000 jump=0.682 (thresholds: flip>0.7, jump>0.3)"}
{"time":"2026-07-21 17:55:51,397","level":"INFO","node":3,"msg":"Commit vote recorded: node 0 decision=True round=15 satisfied=False"}
{"time":"2026-07-21 17:55:51,399","level":"INFO","node":3,"msg":"Broadcast weights to node 0"}
{"time":"2026-07-21 17:55:51,420","level":"INFO","node":3,"msg":"Commit vote recorded: node 1 decision=True round=15 satisfied=True"}
{"time":"2026-07-21 17:55:51,421","level":"INFO","node":3,"msg":"Round 16 COMMITTED — model hash agreed by [3, 0, 1]"}
{"time":"2026-07-21 17:55:51,424","level":"INFO","node":3,"msg":"Commit certificate saved to C:\Users\mousu\OneDrive\Desktop\Set A\securefedhe\dashboard\certificates\round_15.json"}
{"time":"2026-07-21 17:55:51,427","level":"INFO","node":3,"msg":"Broadcast weights to node 1"}
{"time":"2026-07-21 17:55:51,450","level":"INFO","node":3,"msg":"Commit vote recorded: node 2 decision=True round=15 satisfied=True"}
{"time":"2026-07-21 17:55:51,452","level":"INFO","node":3,"msg":"Broadcast weights to node 2"}
{"time":"2026-07-21 17:55:51,454","level":"INFO","node":3,"msg":"Checkpoint saved to C:\Users\mousu\OneDrive\Desktop\Set A\securefedhe\dashboard\model_latest.pt"}
{"time":"2026-07-21 17:55:51,454","level":"INFO","node":3,"msg":"Round 16 complete | accuracy=0.8364 | duration=54.10s"}
{"time":"2026-07-21 17:55:51,455","level":"INFO","node":3,"msg":"Round 17 belongs to node 0 — waiting for their proposal."}
{"time":"2026-07-21 17:55:51,458","level":"INFO","node":3,"msg":"Notified next proposer to node 0"}
{"time":"2026-07-21 17:55:57,917","level":"INFO","node":3,"msg":"Proposal received: round=16 origin=0 hash=0b4f1adee936..."}
{"time":"2026-07-21 17:55:57,941","level":"INFO","node":3,"msg":"Consensus vote recorded: node 0 decision=True reason=zkp_ok round=16 new=True satisfied=False"}
{"time":"2026-07-21 17:56:07,815","level":"INFO","node":3,"msg":"Consensus vote recorded: node 1 decision=True reason=zkp_ok round=16 new=True satisfied=False"}
{"time":"2026-07-21 17:56:23,976","level":"INFO","node":3,"msg":"Consensus vote recorded: node 2 decision=True reason=zkp_ok round=16 new=True satisfied=True"}
{"time":"2026-07-21 17:56:30,088","level":"INFO","node":3,"msg":"Received update from node 2, round 16"}
{"time":"2026-07-21 17:56:39,774","level":"INFO","node":3,"msg":"ZKP ACCEPTED from node 2"}
{"time":"2026-07-21 17:56:39,774","level":"INFO","node":3,"msg":"fc_in col7 delta self-cosine for node 0: 0.1409 (delta_norm=0.1900)"}
{"time":"2026-07-21 17:56:39,778","level":"INFO","node":3,"msg":"Per-class agreement with node 0: class0=0.929 class1=0.957 gap=0.029"}
{"time":"2026-07-21 17:56:39,778","level":"INFO","node":3,"msg":"Per-class rolling gap for node 0: mean=0.052 over last 4 round(s)"}
{"time":"2026-07-21 17:56:39,781","level":"INFO","node":3,"msg":"Trust score for node 0: S=0.809 (Z=1.00 A=0.94 P=0.52 R=1.00) advisory only"}
{"time":"2026-07-21 17:56:39,802","level":"INFO","node":3,"msg":"Sent consensus vote to node 0"}
{"time":"2026-07-21 17:56:39,812","level":"INFO","node":3,"msg":"Sent consensus vote to node 1"}
{"time":"2026-07-21 17:56:39,824","level":"INFO","node":3,"msg":"Sent consensus vote to node 2"}
{"time":"2026-07-21 17:56:45,910","level":"INFO","node":3,"msg":"Forwarded to http://127.0.0.1:8000"}
{"time":"2026-07-21 17:56:46,059","level":"INFO","node":3,"msg":"Synced weights from master for round 16"}
{"time":"2026-07-21 17:56:46,063","level":"INFO","node":3,"msg":"Sent commit vote to node 0"}
{"time":"2026-07-21 17:56:52,311","level":"INFO","node":3,"msg":"Proposal received: round=17 origin=1 hash=a7f430d9a74d..."}
{"time":"2026-07-21 17:56:52,330","level":"INFO","node":3,"msg":"Consensus vote recorded: node 1 decision=True reason=zkp_ok round=17 new=True satisfied=False"}
{"time":"2026-07-21 17:57:02,025","level":"INFO","node":3,"msg":"Consensus vote recorded: node 2 decision=True reason=zkp_ok round=17 new=True satisfied=False"}
{"time":"2026-07-21 17:57:08,097","level":"INFO","node":3,"msg":"Received update from node 2, round 17"}
{"time":"2026-07-21 17:57:17,789","level":"INFO","node":3,"msg":"ZKP ACCEPTED from node 2"}
{"time":"2026-07-21 17:57:17,789","level":"INFO","node":3,"msg":"fc_in col7 delta self-cosine for node 1: 0.0337 (delta_norm=0.2101)"}
{"time":"2026-07-21 17:57:17,793","level":"INFO","node":3,"msg":"Per-class agreement with node 1: class0=0.957 class1=0.959 gap=0.003"}
{"time":"2026-07-21 17:57:17,793","level":"INFO","node":3,"msg":"Per-class rolling gap for node 1: mean=0.030 over last 4 round(s)"}
{"time":"2026-07-21 17:57:17,795","level":"INFO","node":3,"msg":"Trust score for node 1: S=0.826 (Z=1.00 A=0.96 P=0.52 R=1.00) advisory only"}
{"time":"2026-07-21 17:57:17,821","level":"INFO","node":3,"msg":"Sent consensus vote to node 0"}
{"time":"2026-07-21 17:57:17,843","level":"INFO","node":3,"msg":"Sent consensus vote to node 1"}
{"time":"2026-07-21 17:57:17,855","level":"INFO","node":3,"msg":"Sent consensus vote to node 2"}
{"time":"2026-07-21 17:57:24,012","level":"INFO","node":3,"msg":"Forwarded to http://127.0.0.1:8000"}
{"time":"2026-07-21 17:57:33,766","level":"INFO","node":3,"msg":"Prediction agreement with node 0 round=17: A=0.998"}
{"time":"2026-07-21 17:57:33,767","level":"INFO","node":3,"msg":"Consensus vote recorded: node 0 decision=True reason=zkp_ok round=17 new=True satisfied=True"}
{"time":"2026-07-21 17:57:39,927","level":"INFO","node":3,"msg":"Synced weights from master for round 17"}
{"time":"2026-07-21 17:57:39,950","level":"INFO","node":3,"msg":"Sent commit vote to node 1"}
{"time":"2026-07-21 17:57:46,260","level":"INFO","node":3,"msg":"Proposal received: round=18 origin=2 hash=6b32c4099a10..."}
{"time":"2026-07-21 17:57:46,279","level":"INFO","node":3,"msg":"Consensus vote recorded: node 2 decision=True reason=zkp_ok round=18 new=True satisfied=False"}
{"time":"2026-07-21 17:57:46,287","level":"INFO","node":3,"msg":"Received update from node 2, round 18"}
{"time":"2026-07-21 17:57:55,939","level":"INFO","node":3,"msg":"ZKP ACCEPTED from node 2"}
{"time":"2026-07-21 17:57:55,939","level":"INFO","node":3,"msg":"fc_in col7 delta self-cosine for node 2: -0.1991 (delta_norm=0.2768)"}
{"time":"2026-07-21 17:57:55,942","level":"INFO","node":3,"msg":"Per-class agreement with node 2: class0=0.956 class1=0.951 gap=0.005"}
{"time":"2026-07-21 17:57:55,948","level":"INFO","node":3,"msg":"Per-class rolling gap for node 2: mean=0.010 over last 4 round(s)"}
{"time":"2026-07-21 17:57:55,950","level":"INFO","node":3,"msg":"Trust score for node 2: S=0.764 (Z=1.00 A=0.95 P=0.30 R=1.00) advisory only"}
{"time":"2026-07-21 17:57:55,988","level":"INFO","node":3,"msg":"Sent consensus vote to node 0"}
{"time":"2026-07-21 17:57:56,019","level":"INFO","node":3,"msg":"Sent consensus vote to node 1"}
{"time":"2026-07-21 17:57:56,038","level":"INFO","node":3,"msg":"Sent consensus vote to node 2"}
{"time":"2026-07-21 17:58:01,920","level":"INFO","node":3,"msg":"Forwarded to http://127.0.0.1:8000"}
{"time":"2026-07-21 17:58:11,632","level":"INFO","node":3,"msg":"Prediction agreement with node 0 round=18: A=0.991"}
{"time":"2026-07-21 17:58:11,632","level":"INFO","node":3,"msg":"Consensus vote recorded: node 0 decision=True reason=zkp_ok round=18 new=True satisfied=True"}
{"time":"2026-07-21 17:58:27,331","level":"INFO","node":3,"msg":"Prediction agreement with node 1 round=18: A=0.989"}
{"time":"2026-07-21 17:58:27,331","level":"INFO","node":3,"msg":"Consensus vote recorded: node 1 decision=True reason=zkp_ok round=18 new=True satisfied=True"}
{"time":"2026-07-21 17:58:33,670","level":"INFO","node":3,"msg":"Synced weights from master for round 18"}
{"time":"2026-07-21 17:58:33,691","level":"INFO","node":3,"msg":"Sent commit vote to node 2"}
{"time":"2026-07-21 17:58:33,697","level":"INFO","node":3,"msg":"My turn — starting round 20 as proposer."}
{"time":"2026-07-21 17:58:33,697","level":"INFO","node":3,"msg":"Starting round 20"}
{"time":"2026-07-21 17:58:39,888","level":"INFO","node":3,"msg":"Sent proposal to node 0"}
{"time":"2026-07-21 17:58:39,893","level":"INFO","node":3,"msg":"Sent proposal to node 1"}
{"time":"2026-07-21 17:58:39,900","level":"INFO","node":3,"msg":"Sent proposal to node 2"}
{"time":"2026-07-21 17:58:39,904","level":"INFO","node":3,"msg":"Sent consensus vote to node 0"}
{"time":"2026-07-21 17:58:39,907","level":"INFO","node":3,"msg":"Sent consensus vote to node 1"}
{"time":"2026-07-21 17:58:39,912","level":"INFO","node":3,"msg":"Sent consensus vote to node 2"}
{"time":"2026-07-21 17:58:39,921","level":"INFO","node":3,"msg":"Forwarded to http://127.0.0.1:8000"}
{"time":"2026-07-21 17:58:49,645","level":"INFO","node":3,"msg":"Consensus vote recorded: node 0 decision=True reason=zkp_ok round=19 new=True satisfied=False"}
{"time":"2026-07-21 17:59:05,507","level":"INFO","node":3,"msg":"Consensus vote recorded: node 1 decision=True reason=zkp_ok round=19 new=True satisfied=True"}
{"time":"2026-07-21 17:59:21,239","level":"INFO","node":3,"msg":"Consensus vote recorded: node 2 decision=True reason=zkp_ok round=19 new=True satisfied=True"}
{"time":"2026-07-21 17:59:27,258","level":"INFO","node":3,"msg":"Received update from node 2, round 19"}
{"time":"2026-07-21 17:59:27,258","level":"INFO","node":3,"msg":"Round 20 complete — aggregating"}
{"time":"2026-07-21 17:59:27,288","level":"WARNING","node":3,"msg":"[BACKDOOR PROBE] Round 20 SUSPICIOUS: feature=1 value=7.0 forces class=1 flip_rate=1.000 jump=0.709 (thresholds: flip>0.7, jump>0.3)"}
{"time":"2026-07-21 17:59:27,334","level":"INFO","node":3,"msg":"Commit vote recorded: node 0 decision=True round=19 satisfied=False"}
{"time":"2026-07-21 17:59:27,336","level":"INFO","node":3,"msg":"Broadcast weights to node 0"}
{"time":"2026-07-21 17:59:27,368","level":"INFO","node":3,"msg":"Commit vote recorded: node 1 decision=True round=19 satisfied=True"}
{"time":"2026-07-21 17:59:27,369","level":"INFO","node":3,"msg":"Round 20 COMMITTED — model hash agreed by [3, 0, 1]"}
{"time":"2026-07-21 17:59:27,370","level":"INFO","node":3,"msg":"Commit certificate saved to C:\Users\mousu\OneDrive\Desktop\Set A\securefedhe\dashboard\certificates\round_19.json"}
{"time":"2026-07-21 17:59:27,372","level":"INFO","node":3,"msg":"Broadcast weights to node 1"}
{"time":"2026-07-21 17:59:27,392","level":"INFO","node":3,"msg":"Commit vote recorded: node 2 decision=True round=19 satisfied=True"}
{"time":"2026-07-21 17:59:27,393","level":"INFO","node":3,"msg":"Broadcast weights to node 2"}
{"time":"2026-07-21 17:59:27,395","level":"INFO","node":3,"msg":"Checkpoint saved to C:\Users\mousu\OneDrive\Desktop\Set A\securefedhe\dashboard\model_latest.pt"}
{"time":"2026-07-21 17:59:27,395","level":"INFO","node":3,"msg":"Round 20 complete | accuracy=0.8455 | duration=53.70s"}
{"time":"2026-07-21 17:59:27,396","level":"INFO","node":3,"msg":"Training complete after 20 rounds"}
{"time":"2026-07-21 18:02:16,070","level":"INFO","node":3,"msg":"Watchdog fired but training already complete — ignoring, not excluding node 0."}
{"time":"2026-07-21 18:05:51,471","level":"INFO","node":3,"msg":"Watchdog fired but training already complete — ignoring, not excluding node 0."}
