{"time":"2026-07-21 16:33:13,018","level":"INFO","node":0,"msg":"Starting node 0: City General Hospital"}
{"time":"2026-07-21 16:33:13,018","level":"INFO","node":0,"msg":"[CONFIG DEBUG] attack_simulation loaded: enabled=False target_node=2 type=free_rider config_path=config_dev.json"}
{"time":"2026-07-21 16:33:13,074","level":"WARNING","node":0,"msg":"DEV MODE: running without TLS"}
{"time":"2026-07-21 16:33:13,074","level":"INFO","node":0,"msg":"Listening on 127.0.0.1:8000 | TLS=False"}
{"time":"2026-07-21 16:33:19,536","level":"INFO","node":0,"msg":"Key exchange complete with node 1"}
{"time":"2026-07-21 16:33:19,536","level":"INFO","node":0,"msg":"Consensus pubkey received from node 1"}
{"time":"2026-07-21 16:33:21,096","level":"INFO","node":0,"msg":"Consensus pubkey received from node 2"}
{"time":"2026-07-21 16:33:21,110","level":"INFO","node":0,"msg":"Key exchange complete with node 2"}
{"time":"2026-07-21 16:33:23,240","level":"INFO","node":0,"msg":"Key exchange complete with node 3"}
{"time":"2026-07-21 16:33:23,240","level":"INFO","node":0,"msg":"Consensus pubkey received from node 3"}
{"time":"2026-07-21 16:33:30,916","level":"INFO","node":0,"msg":"Sent public key to node 1"}
{"time":"2026-07-21 16:33:30,925","level":"INFO","node":0,"msg":"Sent public key to node 2"}
{"time":"2026-07-21 16:33:30,943","level":"INFO","node":0,"msg":"Sent public key to node 3"}
{"time":"2026-07-21 16:33:30,952","level":"INFO","node":0,"msg":"Sent consensus pubkey to node 1"}
{"time":"2026-07-21 16:33:30,956","level":"INFO","node":0,"msg":"Sent consensus pubkey to node 2"}
{"time":"2026-07-21 16:33:30,962","level":"INFO","node":0,"msg":"Sent consensus pubkey to node 3"}
{"time":"2026-07-21 16:33:30,962","level":"INFO","node":0,"msg":"This node is round 1's proposer — starting."}
{"time":"2026-07-21 16:33:30,964","level":"INFO","node":0,"msg":"Starting round 1"}
{"time":"2026-07-21 16:33:37,944","level":"INFO","node":0,"msg":"Sent proposal to node 1"}
{"time":"2026-07-21 16:33:37,965","level":"INFO","node":0,"msg":"Sent proposal to node 2"}
{"time":"2026-07-21 16:33:37,983","level":"INFO","node":0,"msg":"Sent proposal to node 3"}
{"time":"2026-07-21 16:33:37,998","level":"INFO","node":0,"msg":"Sent consensus vote to node 1"}
{"time":"2026-07-21 16:33:38,007","level":"INFO","node":0,"msg":"Sent consensus vote to node 2"}
{"time":"2026-07-21 16:33:38,013","level":"INFO","node":0,"msg":"Sent consensus vote to node 3"}
{"time":"2026-07-21 16:33:38,027","level":"INFO","node":0,"msg":"Forwarded to http://127.0.0.1:8001"}
{"time":"2026-07-21 16:33:47,585","level":"INFO","node":0,"msg":"Consensus vote recorded: node 1 decision=True reason=zkp_ok round=0 new=True satisfied=False"}
{"time":"2026-07-21 16:34:04,195","level":"INFO","node":0,"msg":"Consensus vote recorded: node 2 decision=True reason=zkp_ok round=0 new=True satisfied=True"}
{"time":"2026-07-21 16:34:20,830","level":"INFO","node":0,"msg":"Consensus vote recorded: node 3 decision=True reason=zkp_ok round=0 new=True satisfied=True"}
{"time":"2026-07-21 16:34:27,847","level":"INFO","node":0,"msg":"Received update from node 3, round 0"}
{"time":"2026-07-21 16:34:27,847","level":"INFO","node":0,"msg":"Round 1 complete — aggregating"}
{"time":"2026-07-21 16:34:27,854","level":"INFO","node":0,"msg":"Round 1 accuracy gate skipped (warm-up period, candidate_acc=0.6273)"}
{"time":"2026-07-21 16:34:27,908","level":"INFO","node":0,"msg":"Commit vote recorded: node 1 decision=True round=0 satisfied=False"}
{"time":"2026-07-21 16:34:27,908","level":"INFO","node":0,"msg":"Broadcast weights to node 1"}
{"time":"2026-07-21 16:34:27,934","level":"INFO","node":0,"msg":"Commit vote recorded: node 2 decision=True round=0 satisfied=True"}
{"time":"2026-07-21 16:34:27,935","level":"INFO","node":0,"msg":"Round 1 COMMITTED — model hash agreed by [0, 1, 2]"}
{"time":"2026-07-21 16:34:27,936","level":"INFO","node":0,"msg":"Commit certificate saved to C:\Users\mousu\OneDrive\Desktop\Set A\securefedhe\dashboard\certificates\round_0.json"}
{"time":"2026-07-21 16:34:27,937","level":"INFO","node":0,"msg":"Broadcast weights to node 2"}
{"time":"2026-07-21 16:34:27,962","level":"INFO","node":0,"msg":"Commit vote recorded: node 3 decision=True round=0 satisfied=True"}
{"time":"2026-07-21 16:34:27,969","level":"INFO","node":0,"msg":"Broadcast weights to node 3"}
{"time":"2026-07-21 16:34:27,975","level":"INFO","node":0,"msg":"Checkpoint saved to C:\Users\mousu\OneDrive\Desktop\Set A\securefedhe\dashboard\model_latest.pt"}
{"time":"2026-07-21 16:34:27,975","level":"INFO","node":0,"msg":"Round 1 complete | accuracy=0.6273 | duration=57.01s"}
{"time":"2026-07-21 16:34:27,976","level":"INFO","node":0,"msg":"Round 2 belongs to node 1 — waiting for their proposal."}
{"time":"2026-07-21 16:34:27,979","level":"INFO","node":0,"msg":"Notified next proposer to node 1"}
{"time":"2026-07-21 16:34:34,186","level":"INFO","node":0,"msg":"Proposal received: round=1 origin=1 hash=4911af570bf0..."}
{"time":"2026-07-21 16:34:34,238","level":"INFO","node":0,"msg":"Consensus vote recorded: node 1 decision=True reason=zkp_ok round=1 new=True satisfied=False"}
{"time":"2026-07-21 16:34:43,878","level":"INFO","node":0,"msg":"Consensus vote recorded: node 2 decision=True reason=zkp_ok round=1 new=True satisfied=False"}
{"time":"2026-07-21 16:34:59,411","level":"INFO","node":0,"msg":"Consensus vote recorded: node 3 decision=True reason=zkp_ok round=1 new=True satisfied=True"}
{"time":"2026-07-21 16:35:05,508","level":"INFO","node":0,"msg":"Received update from node 3, round 1"}
{"time":"2026-07-21 16:35:15,084","level":"INFO","node":0,"msg":"ZKP ACCEPTED from node 3"}
{"time":"2026-07-21 16:35:15,089","level":"INFO","node":0,"msg":"Trust score for node 1: S=0.470 (Z=1.00 A=0.50 P=0.79 R=1.00) advisory only"}
{"time":"2026-07-21 16:35:15,115","level":"INFO","node":0,"msg":"Sent consensus vote to node 1"}
{"time":"2026-07-21 16:35:15,135","level":"INFO","node":0,"msg":"Sent consensus vote to node 2"}
{"time":"2026-07-21 16:35:15,147","level":"INFO","node":0,"msg":"Sent consensus vote to node 3"}
{"time":"2026-07-21 16:35:21,040","level":"INFO","node":0,"msg":"Forwarded to http://127.0.0.1:8001"}
{"time":"2026-07-21 16:35:21,079","level":"INFO","node":0,"msg":"Synced weights from master for round 1"}
{"time":"2026-07-21 16:35:21,094","level":"INFO","node":0,"msg":"Sent commit vote to node 1"}
{"time":"2026-07-21 16:35:27,360","level":"INFO","node":0,"msg":"Proposal received: round=2 origin=2 hash=f7a2b9ca0744..."}
{"time":"2026-07-21 16:35:27,379","level":"INFO","node":0,"msg":"Consensus vote recorded: node 2 decision=True reason=zkp_ok round=2 new=True satisfied=False"}
{"time":"2026-07-21 16:35:37,063","level":"INFO","node":0,"msg":"Consensus vote recorded: node 3 decision=True reason=zkp_ok round=2 new=True satisfied=False"}
{"time":"2026-07-21 16:35:43,059","level":"INFO","node":0,"msg":"Received update from node 3, round 2"}
{"time":"2026-07-21 16:35:52,710","level":"INFO","node":0,"msg":"ZKP ACCEPTED from node 3"}
{"time":"2026-07-21 16:35:52,716","level":"INFO","node":0,"msg":"Trust score for node 2: S=0.460 (Z=1.00 A=0.50 P=0.72 R=1.00) advisory only"}
{"time":"2026-07-21 16:35:52,764","level":"INFO","node":0,"msg":"Sent consensus vote to node 1"}
{"time":"2026-07-21 16:35:52,777","level":"INFO","node":0,"msg":"Sent consensus vote to node 2"}
{"time":"2026-07-21 16:35:52,792","level":"INFO","node":0,"msg":"Sent consensus vote to node 3"}
{"time":"2026-07-21 16:35:58,769","level":"INFO","node":0,"msg":"Forwarded to http://127.0.0.1:8001"}
{"time":"2026-07-21 16:36:08,411","level":"INFO","node":0,"msg":"Prediction agreement with node 1 round=2: A=0.999"}
{"time":"2026-07-21 16:36:08,413","level":"INFO","node":0,"msg":"Consensus vote recorded: node 1 decision=True reason=zkp_ok round=2 new=True satisfied=True"}
{"time":"2026-07-21 16:36:14,525","level":"INFO","node":0,"msg":"Synced weights from master for round 2"}
{"time":"2026-07-21 16:36:14,550","level":"INFO","node":0,"msg":"Sent commit vote to node 2"}
{"time":"2026-07-21 16:36:20,858","level":"INFO","node":0,"msg":"Proposal received: round=3 origin=3 hash=0e03636c5048..."}
{"time":"2026-07-21 16:36:20,889","level":"INFO","node":0,"msg":"Consensus vote recorded: node 3 decision=True reason=zkp_ok round=3 new=True satisfied=False"}
{"time":"2026-07-21 16:36:20,900","level":"INFO","node":0,"msg":"Received update from node 3, round 3"}
{"time":"2026-07-21 16:36:30,539","level":"INFO","node":0,"msg":"ZKP ACCEPTED from node 3"}
{"time":"2026-07-21 16:36:30,546","level":"INFO","node":0,"msg":"Trust score for node 3: S=0.473 (Z=1.00 A=0.50 P=0.81 R=1.00) advisory only"}
{"time":"2026-07-21 16:36:30,557","level":"INFO","node":0,"msg":"Sent consensus vote to node 1"}
{"time":"2026-07-21 16:36:30,582","level":"INFO","node":0,"msg":"Sent consensus vote to node 2"}
{"time":"2026-07-21 16:36:30,607","level":"INFO","node":0,"msg":"Sent consensus vote to node 3"}
{"time":"2026-07-21 16:36:36,615","level":"INFO","node":0,"msg":"Forwarded to http://127.0.0.1:8001"}
{"time":"2026-07-21 16:36:46,367","level":"INFO","node":0,"msg":"Prediction agreement with node 1 round=3: A=0.993"}
{"time":"2026-07-21 16:36:46,367","level":"INFO","node":0,"msg":"Consensus vote recorded: node 1 decision=True reason=zkp_ok round=3 new=True satisfied=True"}
{"time":"2026-07-21 16:37:02,079","level":"INFO","node":0,"msg":"Prediction agreement with node 2 round=3: A=0.955"}
{"time":"2026-07-21 16:37:02,079","level":"INFO","node":0,"msg":"Consensus vote recorded: node 2 decision=True reason=zkp_ok round=3 new=True satisfied=True"}
{"time":"2026-07-21 16:37:08,235","level":"INFO","node":0,"msg":"Synced weights from master for round 3"}
{"time":"2026-07-21 16:37:08,244","level":"INFO","node":0,"msg":"Sent commit vote to node 3"}
{"time":"2026-07-21 16:37:08,309","level":"INFO","node":0,"msg":"My turn — starting round 5 as proposer."}
{"time":"2026-07-21 16:37:08,310","level":"INFO","node":0,"msg":"Starting round 5"}
{"time":"2026-07-21 16:37:14,424","level":"INFO","node":0,"msg":"Sent proposal to node 1"}
{"time":"2026-07-21 16:37:14,445","level":"INFO","node":0,"msg":"Sent proposal to node 2"}
{"time":"2026-07-21 16:37:14,451","level":"INFO","node":0,"msg":"Sent proposal to node 3"}
{"time":"2026-07-21 16:37:14,463","level":"INFO","node":0,"msg":"Sent consensus vote to node 1"}
{"time":"2026-07-21 16:37:14,472","level":"INFO","node":0,"msg":"Sent consensus vote to node 2"}
{"time":"2026-07-21 16:37:14,479","level":"INFO","node":0,"msg":"Sent consensus vote to node 3"}
{"time":"2026-07-21 16:37:14,484","level":"INFO","node":0,"msg":"Forwarded to http://127.0.0.1:8001"}
{"time":"2026-07-21 16:37:24,174","level":"INFO","node":0,"msg":"Consensus vote recorded: node 1 decision=True reason=zkp_ok round=4 new=True satisfied=False"}
{"time":"2026-07-21 16:37:40,036","level":"INFO","node":0,"msg":"Consensus vote recorded: node 2 decision=True reason=zkp_ok round=4 new=True satisfied=True"}
{"time":"2026-07-21 16:37:56,068","level":"INFO","node":0,"msg":"Consensus vote recorded: node 3 decision=True reason=zkp_ok round=4 new=True satisfied=True"}
{"time":"2026-07-21 16:38:02,144","level":"INFO","node":0,"msg":"Received update from node 3, round 4"}
{"time":"2026-07-21 16:38:02,144","level":"INFO","node":0,"msg":"Round 5 complete — aggregating"}
{"time":"2026-07-21 16:38:02,150","level":"INFO","node":0,"msg":"Round 5 accuracy gate skipped (warm-up period, candidate_acc=0.7545)"}
{"time":"2026-07-21 16:38:02,190","level":"INFO","node":0,"msg":"Commit vote recorded: node 1 decision=True round=4 satisfied=False"}
{"time":"2026-07-21 16:38:02,192","level":"INFO","node":0,"msg":"Broadcast weights to node 1"}
{"time":"2026-07-21 16:38:02,225","level":"INFO","node":0,"msg":"Commit vote recorded: node 2 decision=True round=4 satisfied=True"}
{"time":"2026-07-21 16:38:02,226","level":"INFO","node":0,"msg":"Round 5 COMMITTED — model hash agreed by [0, 1, 2]"}
{"time":"2026-07-21 16:38:02,227","level":"INFO","node":0,"msg":"Commit certificate saved to C:\Users\mousu\OneDrive\Desktop\Set A\securefedhe\dashboard\certificates\round_4.json"}
{"time":"2026-07-21 16:38:02,230","level":"INFO","node":0,"msg":"Broadcast weights to node 2"}
{"time":"2026-07-21 16:38:02,248","level":"INFO","node":0,"msg":"Commit vote recorded: node 3 decision=True round=4 satisfied=True"}
{"time":"2026-07-21 16:38:02,251","level":"INFO","node":0,"msg":"Broadcast weights to node 3"}
{"time":"2026-07-21 16:38:02,255","level":"INFO","node":0,"msg":"Checkpoint saved to C:\Users\mousu\OneDrive\Desktop\Set A\securefedhe\dashboard\model_latest.pt"}
{"time":"2026-07-21 16:38:02,255","level":"INFO","node":0,"msg":"Round 5 complete | accuracy=0.7545 | duration=53.94s"}
{"time":"2026-07-21 16:38:02,255","level":"INFO","node":0,"msg":"Round 6 belongs to node 1 — waiting for their proposal."}
{"time":"2026-07-21 16:38:02,259","level":"INFO","node":0,"msg":"Notified next proposer to node 1"}
{"time":"2026-07-21 16:38:08,578","level":"INFO","node":0,"msg":"Proposal received: round=5 origin=1 hash=0e23c6b70ec2..."}
{"time":"2026-07-21 16:38:08,621","level":"INFO","node":0,"msg":"Consensus vote recorded: node 1 decision=True reason=zkp_ok round=5 new=True satisfied=False"}
{"time":"2026-07-21 16:38:18,216","level":"INFO","node":0,"msg":"Consensus vote recorded: node 2 decision=True reason=zkp_ok round=5 new=True satisfied=False"}
{"time":"2026-07-21 16:38:34,015","level":"INFO","node":0,"msg":"Consensus vote recorded: node 3 decision=True reason=zkp_ok round=5 new=True satisfied=True"}
{"time":"2026-07-21 16:38:40,171","level":"INFO","node":0,"msg":"Received update from node 3, round 5"}
{"time":"2026-07-21 16:38:49,615","level":"INFO","node":0,"msg":"ZKP ACCEPTED from node 3"}
{"time":"2026-07-21 16:38:49,615","level":"INFO","node":0,"msg":"Per-class agreement with node 1: class0=0.744 class1=0.943 gap=0.199"}
{"time":"2026-07-21 16:38:49,615","level":"INFO","node":0,"msg":"Per-class rolling gap for node 1: mean=0.199 over last 1 round(s)"}
{"time":"2026-07-21 16:38:49,615","level":"INFO","node":0,"msg":"Trust score for node 1: S=0.704 (Z=1.00 A=0.81 P=0.55 R=1.00) advisory only"}
{"time":"2026-07-21 16:38:49,639","level":"INFO","node":0,"msg":"Sent consensus vote to node 1"}
{"time":"2026-07-21 16:38:49,668","level":"INFO","node":0,"msg":"Sent consensus vote to node 2"}
{"time":"2026-07-21 16:38:49,696","level":"INFO","node":0,"msg":"Sent consensus vote to node 3"}
{"time":"2026-07-21 16:38:55,830","level":"INFO","node":0,"msg":"Forwarded to http://127.0.0.1:8001"}
{"time":"2026-07-21 16:38:55,889","level":"INFO","node":0,"msg":"Synced weights from master for round 5"}
{"time":"2026-07-21 16:38:55,893","level":"INFO","node":0,"msg":"Sent commit vote to node 1"}
{"time":"2026-07-21 16:39:02,162","level":"INFO","node":0,"msg":"Proposal received: round=6 origin=2 hash=e69e93a0085a..."}
{"time":"2026-07-21 16:39:02,189","level":"INFO","node":0,"msg":"Consensus vote recorded: node 2 decision=True reason=zkp_ok round=6 new=True satisfied=False"}
{"time":"2026-07-21 16:39:11,856","level":"INFO","node":0,"msg":"Consensus vote recorded: node 3 decision=True reason=zkp_ok round=6 new=True satisfied=False"}
{"time":"2026-07-21 16:39:18,151","level":"INFO","node":0,"msg":"Received update from node 3, round 6"}
{"time":"2026-07-21 16:39:28,344","level":"INFO","node":0,"msg":"ZKP ACCEPTED from node 3"}
{"time":"2026-07-21 16:39:28,360","level":"INFO","node":0,"msg":"Per-class agreement with node 2: class0=0.840 class1=0.938 gap=0.098"}
{"time":"2026-07-21 16:39:28,362","level":"INFO","node":0,"msg":"Per-class rolling gap for node 2: mean=0.098 over last 1 round(s)"}
{"time":"2026-07-21 16:39:28,363","level":"INFO","node":0,"msg":"Trust score for node 2: S=0.792 (Z=1.00 A=0.87 P=0.68 R=1.00) advisory only"}
{"time":"2026-07-21 16:39:28,377","level":"INFO","node":0,"msg":"Sent consensus vote to node 1"}
{"time":"2026-07-21 16:39:28,401","level":"INFO","node":0,"msg":"Sent consensus vote to node 2"}
{"time":"2026-07-21 16:39:28,416","level":"INFO","node":0,"msg":"Sent consensus vote to node 3"}
{"time":"2026-07-21 16:39:35,160","level":"INFO","node":0,"msg":"Forwarded to http://127.0.0.1:8001"}
{"time":"2026-07-21 16:39:45,768","level":"INFO","node":0,"msg":"Prediction agreement with node 1 round=6: A=0.997"}
{"time":"2026-07-21 16:39:45,768","level":"INFO","node":0,"msg":"Consensus vote recorded: node 1 decision=True reason=zkp_ok round=6 new=True satisfied=True"}
{"time":"2026-07-21 16:39:52,566","level":"INFO","node":0,"msg":"Synced weights from master for round 6"}
{"time":"2026-07-21 16:39:52,601","level":"INFO","node":0,"msg":"Sent commit vote to node 2"}
{"time":"2026-07-21 16:39:59,278","level":"INFO","node":0,"msg":"Proposal received: round=7 origin=3 hash=4b8308157379..."}
{"time":"2026-07-21 16:39:59,319","level":"INFO","node":0,"msg":"Consensus vote recorded: node 3 decision=True reason=zkp_ok round=7 new=True satisfied=False"}
{"time":"2026-07-21 16:39:59,328","level":"INFO","node":0,"msg":"Received update from node 3, round 7"}
{"time":"2026-07-21 16:40:09,322","level":"INFO","node":0,"msg":"ZKP ACCEPTED from node 3"}
{"time":"2026-07-21 16:40:09,322","level":"INFO","node":0,"msg":"Per-class agreement with node 3: class0=0.934 class1=0.922 gap=0.012"}
{"time":"2026-07-21 16:40:09,322","level":"INFO","node":0,"msg":"Per-class rolling gap for node 3: mean=0.012 over last 1 round(s)"}
{"time":"2026-07-21 16:40:09,335","level":"INFO","node":0,"msg":"Trust score for node 3: S=0.850 (Z=1.00 A=0.93 P=0.70 R=1.00) advisory only"}
{"time":"2026-07-21 16:40:09,367","level":"INFO","node":0,"msg":"Sent consensus vote to node 1"}
{"time":"2026-07-21 16:40:09,397","level":"INFO","node":0,"msg":"Sent consensus vote to node 2"}
{"time":"2026-07-21 16:40:09,414","level":"INFO","node":0,"msg":"Sent consensus vote to node 3"}
{"time":"2026-07-21 16:40:15,683","level":"INFO","node":0,"msg":"Forwarded to http://127.0.0.1:8001"}
{"time":"2026-07-21 16:40:25,623","level":"INFO","node":0,"msg":"Prediction agreement with node 1 round=7: A=0.990"}
{"time":"2026-07-21 16:40:25,623","level":"INFO","node":0,"msg":"Consensus vote recorded: node 1 decision=True reason=zkp_ok round=7 new=True satisfied=True"}
{"time":"2026-07-21 16:40:42,000","level":"INFO","node":0,"msg":"Prediction agreement with node 2 round=7: A=0.937"}
{"time":"2026-07-21 16:40:42,000","level":"INFO","node":0,"msg":"Consensus vote recorded: node 2 decision=True reason=zkp_ok round=7 new=True satisfied=True"}
{"time":"2026-07-21 16:40:48,087","level":"INFO","node":0,"msg":"Synced weights from master for round 7"}
{"time":"2026-07-21 16:40:48,108","level":"INFO","node":0,"msg":"Sent commit vote to node 3"}
{"time":"2026-07-21 16:40:48,184","level":"INFO","node":0,"msg":"My turn — starting round 9 as proposer."}
{"time":"2026-07-21 16:40:48,185","level":"INFO","node":0,"msg":"Starting round 9"}
{"time":"2026-07-21 16:40:54,390","level":"INFO","node":0,"msg":"Sent proposal to node 1"}
{"time":"2026-07-21 16:40:54,409","level":"INFO","node":0,"msg":"Sent proposal to node 2"}
{"time":"2026-07-21 16:40:54,420","level":"INFO","node":0,"msg":"Sent proposal to node 3"}
{"time":"2026-07-21 16:40:54,430","level":"INFO","node":0,"msg":"Sent consensus vote to node 1"}
{"time":"2026-07-21 16:40:54,442","level":"INFO","node":0,"msg":"Sent consensus vote to node 2"}
{"time":"2026-07-21 16:40:54,454","level":"INFO","node":0,"msg":"Sent consensus vote to node 3"}
{"time":"2026-07-21 16:40:54,466","level":"INFO","node":0,"msg":"Forwarded to http://127.0.0.1:8001"}
{"time":"2026-07-21 16:41:04,229","level":"INFO","node":0,"msg":"Consensus vote recorded: node 1 decision=True reason=zkp_ok round=8 new=True satisfied=False"}
{"time":"2026-07-21 16:41:20,161","level":"INFO","node":0,"msg":"Consensus vote recorded: node 2 decision=True reason=zkp_ok round=8 new=True satisfied=True"}
{"time":"2026-07-21 16:41:36,016","level":"INFO","node":0,"msg":"Consensus vote recorded: node 3 decision=True reason=zkp_ok round=8 new=True satisfied=True"}
{"time":"2026-07-21 16:41:42,145","level":"INFO","node":0,"msg":"Received update from node 3, round 8"}
{"time":"2026-07-21 16:41:42,145","level":"INFO","node":0,"msg":"Round 9 complete — aggregating"}
{"time":"2026-07-21 16:41:42,181","level":"WARNING","node":0,"msg":"[BACKDOOR PROBE] Round 9 SUSPICIOUS: feature=5 value=6.0 forces class=1 flip_rate=1.000 jump=0.673 (thresholds: flip>0.7, jump>0.3)"}
{"time":"2026-07-21 16:41:42,231","level":"INFO","node":0,"msg":"Commit vote recorded: node 1 decision=True round=8 satisfied=False"}
{"time":"2026-07-21 16:41:42,233","level":"INFO","node":0,"msg":"Broadcast weights to node 1"}
{"time":"2026-07-21 16:41:42,275","level":"INFO","node":0,"msg":"Commit vote recorded: node 2 decision=True round=8 satisfied=True"}
{"time":"2026-07-21 16:41:42,275","level":"INFO","node":0,"msg":"Round 9 COMMITTED — model hash agreed by [0, 1, 2]"}
{"time":"2026-07-21 16:41:42,275","level":"INFO","node":0,"msg":"Commit certificate saved to C:\Users\mousu\OneDrive\Desktop\Set A\securefedhe\dashboard\certificates\round_8.json"}
{"time":"2026-07-21 16:41:42,275","level":"INFO","node":0,"msg":"Broadcast weights to node 2"}
{"time":"2026-07-21 16:41:42,289","level":"INFO","node":0,"msg":"Commit vote recorded: node 3 decision=True round=8 satisfied=True"}
{"time":"2026-07-21 16:41:42,293","level":"INFO","node":0,"msg":"Broadcast weights to node 3"}
{"time":"2026-07-21 16:41:42,297","level":"INFO","node":0,"msg":"Checkpoint saved to C:\Users\mousu\OneDrive\Desktop\Set A\securefedhe\dashboard\model_latest.pt"}
{"time":"2026-07-21 16:41:42,297","level":"INFO","node":0,"msg":"Round 9 complete | accuracy=0.8818 | duration=54.11s"}
{"time":"2026-07-21 16:41:42,297","level":"INFO","node":0,"msg":"Round 10 belongs to node 1 — waiting for their proposal."}
{"time":"2026-07-21 16:41:42,303","level":"INFO","node":0,"msg":"Notified next proposer to node 1"}
{"time":"2026-07-21 16:41:48,454","level":"INFO","node":0,"msg":"Proposal received: round=9 origin=1 hash=0246dd4a13db..."}
{"time":"2026-07-21 16:41:48,487","level":"INFO","node":0,"msg":"Consensus vote recorded: node 1 decision=True reason=zkp_ok round=9 new=True satisfied=False"}
{"time":"2026-07-21 16:41:58,048","level":"INFO","node":0,"msg":"Consensus vote recorded: node 2 decision=True reason=zkp_ok round=9 new=True satisfied=False"}
{"time":"2026-07-21 16:42:13,671","level":"INFO","node":0,"msg":"Consensus vote recorded: node 3 decision=True reason=zkp_ok round=9 new=True satisfied=True"}
{"time":"2026-07-21 16:42:19,816","level":"INFO","node":0,"msg":"Received update from node 3, round 9"}
{"time":"2026-07-21 16:42:29,374","level":"INFO","node":0,"msg":"ZKP ACCEPTED from node 3"}
{"time":"2026-07-21 16:42:29,374","level":"INFO","node":0,"msg":"fc_in col7 delta self-cosine for node 1: 0.1490 (delta_norm=0.1722)"}
{"time":"2026-07-21 16:42:29,374","level":"INFO","node":0,"msg":"Per-class agreement with node 1: class0=0.967 class1=0.929 gap=0.038"}
{"time":"2026-07-21 16:42:29,381","level":"INFO","node":0,"msg":"Per-class rolling gap for node 1: mean=0.118 over last 2 round(s)"}
{"time":"2026-07-21 16:42:29,383","level":"INFO","node":0,"msg":"Trust score for node 1: S=0.814 (Z=1.00 A=0.96 P=0.48 R=1.00) advisory only"}
{"time":"2026-07-21 16:42:29,397","level":"INFO","node":0,"msg":"Sent consensus vote to node 1"}
{"time":"2026-07-21 16:42:29,432","level":"INFO","node":0,"msg":"Sent consensus vote to node 2"}
{"time":"2026-07-21 16:42:29,475","level":"INFO","node":0,"msg":"Sent consensus vote to node 3"}
{"time":"2026-07-21 16:42:35,464","level":"INFO","node":0,"msg":"Forwarded to http://127.0.0.1:8001"}
{"time":"2026-07-21 16:42:35,512","level":"INFO","node":0,"msg":"Synced weights from master for round 9"}
{"time":"2026-07-21 16:42:35,519","level":"INFO","node":0,"msg":"Sent commit vote to node 1"}
{"time":"2026-07-21 16:42:41,749","level":"INFO","node":0,"msg":"Proposal received: round=10 origin=2 hash=c602aefff73c..."}
{"time":"2026-07-21 16:42:41,775","level":"INFO","node":0,"msg":"Consensus vote recorded: node 2 decision=True reason=zkp_ok round=10 new=True satisfied=False"}
{"time":"2026-07-21 16:42:51,489","level":"INFO","node":0,"msg":"Consensus vote recorded: node 3 decision=True reason=zkp_ok round=10 new=True satisfied=False"}
{"time":"2026-07-21 16:42:57,635","level":"INFO","node":0,"msg":"Received update from node 3, round 10"}
{"time":"2026-07-21 16:43:07,197","level":"INFO","node":0,"msg":"ZKP ACCEPTED from node 3"}
{"time":"2026-07-21 16:43:07,197","level":"INFO","node":0,"msg":"fc_in col7 delta self-cosine for node 2: 0.0091 (delta_norm=0.1984)"}
{"time":"2026-07-21 16:43:07,197","level":"INFO","node":0,"msg":"Per-class agreement with node 2: class0=0.962 class1=0.924 gap=0.038"}
{"time":"2026-07-21 16:43:07,197","level":"INFO","node":0,"msg":"Per-class rolling gap for node 2: mean=0.068 over last 2 round(s)"}
{"time":"2026-07-21 16:43:07,203","level":"INFO","node":0,"msg":"Trust score for node 2: S=0.809 (Z=1.00 A=0.95 P=0.48 R=1.00) advisory only"}
{"time":"2026-07-21 16:43:07,214","level":"INFO","node":0,"msg":"Sent consensus vote to node 1"}
{"time":"2026-07-21 16:43:07,226","level":"INFO","node":0,"msg":"Sent consensus vote to node 2"}
{"time":"2026-07-21 16:43:07,234","level":"INFO","node":0,"msg":"Sent consensus vote to node 3"}
{"time":"2026-07-21 16:43:13,285","level":"INFO","node":0,"msg":"Forwarded to http://127.0.0.1:8001"}
{"time":"2026-07-21 16:43:22,921","level":"INFO","node":0,"msg":"Prediction agreement with node 1 round=10: A=0.996"}
{"time":"2026-07-21 16:43:22,921","level":"INFO","node":0,"msg":"Consensus vote recorded: node 1 decision=True reason=zkp_ok round=10 new=True satisfied=True"}
{"time":"2026-07-21 16:43:29,155","level":"INFO","node":0,"msg":"Synced weights from master for round 10"}
{"time":"2026-07-21 16:43:29,162","level":"INFO","node":0,"msg":"Sent commit vote to node 2"}
{"time":"2026-07-21 16:43:35,257","level":"INFO","node":0,"msg":"Proposal received: round=11 origin=3 hash=be293140f1c7..."}
{"time":"2026-07-21 16:43:35,303","level":"INFO","node":0,"msg":"Consensus vote recorded: node 3 decision=True reason=zkp_ok round=11 new=True satisfied=False"}
{"time":"2026-07-21 16:43:35,313","level":"INFO","node":0,"msg":"Received update from node 3, round 11"}
{"time":"2026-07-21 16:43:44,892","level":"INFO","node":0,"msg":"ZKP ACCEPTED from node 3"}
{"time":"2026-07-21 16:43:44,892","level":"INFO","node":0,"msg":"fc_in col7 delta self-cosine for node 3: -0.0955 (delta_norm=0.2430)"}
{"time":"2026-07-21 16:43:44,900","level":"INFO","node":0,"msg":"Per-class agreement with node 3: class0=0.958 class1=0.934 gap=0.024"}
{"time":"2026-07-21 16:43:44,900","level":"INFO","node":0,"msg":"Per-class rolling gap for node 3: mean=0.018 over last 2 round(s)"}
{"time":"2026-07-21 16:43:44,906","level":"INFO","node":0,"msg":"Trust score for node 3: S=0.799 (Z=1.00 A=0.95 P=0.45 R=1.00) advisory only"}
{"time":"2026-07-21 16:43:44,939","level":"INFO","node":0,"msg":"Sent consensus vote to node 1"}
{"time":"2026-07-21 16:43:44,966","level":"INFO","node":0,"msg":"Sent consensus vote to node 2"}
{"time":"2026-07-21 16:43:44,998","level":"INFO","node":0,"msg":"Sent consensus vote to node 3"}
{"time":"2026-07-21 16:43:51,084","level":"INFO","node":0,"msg":"Forwarded to http://127.0.0.1:8001"}
{"time":"2026-07-21 16:44:00,780","level":"INFO","node":0,"msg":"Prediction agreement with node 1 round=11: A=0.990"}
{"time":"2026-07-21 16:44:00,781","level":"INFO","node":0,"msg":"Consensus vote recorded: node 1 decision=True reason=zkp_ok round=11 new=True satisfied=True"}
{"time":"2026-07-21 16:44:16,545","level":"INFO","node":0,"msg":"Prediction agreement with node 2 round=11: A=0.941"}
{"time":"2026-07-21 16:44:16,545","level":"INFO","node":0,"msg":"Consensus vote recorded: node 2 decision=True reason=zkp_ok round=11 new=True satisfied=True"}
{"time":"2026-07-21 16:44:22,639","level":"INFO","node":0,"msg":"Synced weights from master for round 11"}
{"time":"2026-07-21 16:44:22,660","level":"INFO","node":0,"msg":"Sent commit vote to node 3"}
{"time":"2026-07-21 16:44:22,757","level":"INFO","node":0,"msg":"My turn — starting round 13 as proposer."}
{"time":"2026-07-21 16:44:22,758","level":"INFO","node":0,"msg":"Starting round 13"}
{"time":"2026-07-21 16:44:28,737","level":"INFO","node":0,"msg":"Sent proposal to node 1"}
{"time":"2026-07-21 16:44:28,755","level":"INFO","node":0,"msg":"Sent proposal to node 2"}
{"time":"2026-07-21 16:44:28,771","level":"INFO","node":0,"msg":"Sent proposal to node 3"}
{"time":"2026-07-21 16:44:28,776","level":"INFO","node":0,"msg":"Sent consensus vote to node 1"}
{"time":"2026-07-21 16:44:28,782","level":"INFO","node":0,"msg":"Sent consensus vote to node 2"}
{"time":"2026-07-21 16:44:28,791","level":"INFO","node":0,"msg":"Sent consensus vote to node 3"}
{"time":"2026-07-21 16:44:28,799","level":"INFO","node":0,"msg":"Forwarded to http://127.0.0.1:8001"}
{"time":"2026-07-21 16:44:38,474","level":"INFO","node":0,"msg":"Consensus vote recorded: node 1 decision=True reason=zkp_ok round=12 new=True satisfied=False"}
{"time":"2026-07-21 16:44:54,303","level":"INFO","node":0,"msg":"Consensus vote recorded: node 2 decision=True reason=zkp_ok round=12 new=True satisfied=True"}
{"time":"2026-07-21 16:45:09,968","level":"INFO","node":0,"msg":"Consensus vote recorded: node 3 decision=True reason=zkp_ok round=12 new=True satisfied=True"}
{"time":"2026-07-21 16:45:15,994","level":"INFO","node":0,"msg":"Received update from node 3, round 12"}
{"time":"2026-07-21 16:45:15,994","level":"INFO","node":0,"msg":"Round 13 complete — aggregating"}
{"time":"2026-07-21 16:45:16,027","level":"WARNING","node":0,"msg":"[BACKDOOR PROBE] Round 13 SUSPICIOUS: feature=5 value=8.0 forces class=1 flip_rate=1.000 jump=0.691 (thresholds: flip>0.7, jump>0.3)"}
{"time":"2026-07-21 16:45:16,083","level":"INFO","node":0,"msg":"Commit vote recorded: node 1 decision=True round=12 satisfied=False"}
{"time":"2026-07-21 16:45:16,085","level":"INFO","node":0,"msg":"Broadcast weights to node 1"}
{"time":"2026-07-21 16:45:16,097","level":"INFO","node":0,"msg":"Commit vote recorded: node 2 decision=True round=12 satisfied=True"}
{"time":"2026-07-21 16:45:16,098","level":"INFO","node":0,"msg":"Round 13 COMMITTED — model hash agreed by [0, 1, 2]"}
{"time":"2026-07-21 16:45:16,102","level":"INFO","node":0,"msg":"Commit certificate saved to C:\Users\mousu\OneDrive\Desktop\Set A\securefedhe\dashboard\certificates\round_12.json"}
{"time":"2026-07-21 16:45:16,105","level":"INFO","node":0,"msg":"Broadcast weights to node 2"}
{"time":"2026-07-21 16:45:16,121","level":"INFO","node":0,"msg":"Commit vote recorded: node 3 decision=True round=12 satisfied=True"}
{"time":"2026-07-21 16:45:16,123","level":"INFO","node":0,"msg":"Broadcast weights to node 3"}
{"time":"2026-07-21 16:45:16,127","level":"INFO","node":0,"msg":"Checkpoint saved to C:\Users\mousu\OneDrive\Desktop\Set A\securefedhe\dashboard\model_latest.pt"}
{"time":"2026-07-21 16:45:16,127","level":"INFO","node":0,"msg":"Round 13 complete | accuracy=0.8455 | duration=53.37s"}
{"time":"2026-07-21 16:45:16,128","level":"INFO","node":0,"msg":"Round 14 belongs to node 1 — waiting for their proposal."}
{"time":"2026-07-21 16:45:16,135","level":"INFO","node":0,"msg":"Notified next proposer to node 1"}
{"time":"2026-07-21 16:45:22,430","level":"INFO","node":0,"msg":"Proposal received: round=13 origin=1 hash=df315595f389..."}
{"time":"2026-07-21 16:45:22,471","level":"INFO","node":0,"msg":"Consensus vote recorded: node 1 decision=True reason=zkp_ok round=13 new=True satisfied=False"}
{"time":"2026-07-21 16:45:32,165","level":"INFO","node":0,"msg":"Consensus vote recorded: node 2 decision=True reason=zkp_ok round=13 new=True satisfied=False"}
{"time":"2026-07-21 16:45:47,650","level":"INFO","node":0,"msg":"Consensus vote recorded: node 3 decision=True reason=zkp_ok round=13 new=True satisfied=True"}
{"time":"2026-07-21 16:45:53,534","level":"INFO","node":0,"msg":"Received update from node 3, round 13"}
{"time":"2026-07-21 16:46:03,074","level":"INFO","node":0,"msg":"ZKP ACCEPTED from node 3"}
{"time":"2026-07-21 16:46:03,075","level":"INFO","node":0,"msg":"fc_in col7 delta self-cosine for node 1: -0.1165 (delta_norm=0.1475)"}
{"time":"2026-07-21 16:46:03,075","level":"INFO","node":0,"msg":"Per-class agreement with node 1: class0=0.966 class1=0.933 gap=0.032"}
{"time":"2026-07-21 16:46:03,080","level":"INFO","node":0,"msg":"Per-class rolling gap for node 1: mean=0.090 over last 3 round(s)"}
{"time":"2026-07-21 16:46:03,082","level":"INFO","node":0,"msg":"Trust score for node 1: S=0.814 (Z=1.00 A=0.96 P=0.48 R=1.00) advisory only"}
{"time":"2026-07-21 16:46:03,097","level":"INFO","node":0,"msg":"Sent consensus vote to node 1"}
{"time":"2026-07-21 16:46:03,119","level":"INFO","node":0,"msg":"Sent consensus vote to node 2"}
{"time":"2026-07-21 16:46:03,131","level":"INFO","node":0,"msg":"Sent consensus vote to node 3"}
{"time":"2026-07-21 16:46:09,060","level":"INFO","node":0,"msg":"Forwarded to http://127.0.0.1:8001"}
{"time":"2026-07-21 16:46:09,105","level":"INFO","node":0,"msg":"Synced weights from master for round 13"}
{"time":"2026-07-21 16:46:09,111","level":"INFO","node":0,"msg":"Sent commit vote to node 1"}
{"time":"2026-07-21 16:46:15,255","level":"INFO","node":0,"msg":"Proposal received: round=14 origin=2 hash=a69d0ae8279b..."}
{"time":"2026-07-21 16:46:15,286","level":"INFO","node":0,"msg":"Consensus vote recorded: node 2 decision=True reason=zkp_ok round=14 new=True satisfied=False"}
{"time":"2026-07-21 16:46:24,971","level":"INFO","node":0,"msg":"Consensus vote recorded: node 3 decision=True reason=zkp_ok round=14 new=True satisfied=False"}
{"time":"2026-07-21 16:46:30,943","level":"INFO","node":0,"msg":"Received update from node 3, round 14"}
{"time":"2026-07-21 16:46:40,598","level":"INFO","node":0,"msg":"ZKP ACCEPTED from node 3"}
{"time":"2026-07-21 16:46:40,598","level":"INFO","node":0,"msg":"fc_in col7 delta self-cosine for node 2: -0.2962 (delta_norm=0.2072)"}
{"time":"2026-07-21 16:46:40,602","level":"INFO","node":0,"msg":"Per-class agreement with node 2: class0=0.947 class1=0.917 gap=0.030"}
{"time":"2026-07-21 16:46:40,602","level":"INFO","node":0,"msg":"Per-class rolling gap for node 2: mean=0.055 over last 3 round(s)"}
{"time":"2026-07-21 16:46:40,605","level":"INFO","node":0,"msg":"Trust score for node 2: S=0.814 (Z=1.00 A=0.94 P=0.54 R=1.00) advisory only"}
{"time":"2026-07-21 16:46:40,632","level":"INFO","node":0,"msg":"Sent consensus vote to node 1"}
{"time":"2026-07-21 16:46:40,641","level":"INFO","node":0,"msg":"Sent consensus vote to node 2"}
{"time":"2026-07-21 16:46:40,653","level":"INFO","node":0,"msg":"Sent consensus vote to node 3"}
{"time":"2026-07-21 16:46:46,619","level":"INFO","node":0,"msg":"Forwarded to http://127.0.0.1:8001"}
{"time":"2026-07-21 16:46:56,236","level":"INFO","node":0,"msg":"Prediction agreement with node 1 round=14: A=0.993"}
{"time":"2026-07-21 16:46:56,236","level":"INFO","node":0,"msg":"Consensus vote recorded: node 1 decision=True reason=zkp_ok round=14 new=True satisfied=True"}
{"time":"2026-07-21 16:47:02,418","level":"INFO","node":0,"msg":"Synced weights from master for round 14"}
{"time":"2026-07-21 16:47:02,441","level":"INFO","node":0,"msg":"Sent commit vote to node 2"}
{"time":"2026-07-21 16:47:08,606","level":"INFO","node":0,"msg":"Proposal received: round=15 origin=3 hash=ea7d7aa76d00..."}
{"time":"2026-07-21 16:47:08,618","level":"INFO","node":0,"msg":"Consensus vote recorded: node 3 decision=True reason=zkp_ok round=15 new=True satisfied=False"}
{"time":"2026-07-21 16:47:08,634","level":"INFO","node":0,"msg":"Received update from node 3, round 15"}
{"time":"2026-07-21 16:47:18,097","level":"INFO","node":0,"msg":"ZKP ACCEPTED from node 3"}
{"time":"2026-07-21 16:47:18,097","level":"INFO","node":0,"msg":"fc_in col7 delta self-cosine for node 3: -0.2642 (delta_norm=0.2573)"}
{"time":"2026-07-21 16:47:18,097","level":"INFO","node":0,"msg":"Per-class agreement with node 3: class0=0.963 class1=0.918 gap=0.045"}
{"time":"2026-07-21 16:47:18,109","level":"INFO","node":0,"msg":"Per-class rolling gap for node 3: mean=0.027 over last 3 round(s)"}
{"time":"2026-07-21 16:47:18,111","level":"INFO","node":0,"msg":"Trust score for node 3: S=0.823 (Z=1.00 A=0.95 P=0.54 R=1.00) advisory only"}
{"time":"2026-07-21 16:47:18,137","level":"INFO","node":0,"msg":"Sent consensus vote to node 1"}
{"time":"2026-07-21 16:47:18,165","level":"INFO","node":0,"msg":"Sent consensus vote to node 2"}
{"time":"2026-07-21 16:47:18,175","level":"INFO","node":0,"msg":"Sent consensus vote to node 3"}
{"time":"2026-07-21 16:47:24,280","level":"INFO","node":0,"msg":"Forwarded to http://127.0.0.1:8001"}
{"time":"2026-07-21 16:47:34,075","level":"INFO","node":0,"msg":"Prediction agreement with node 1 round=15: A=0.992"}
{"time":"2026-07-21 16:47:34,075","level":"INFO","node":0,"msg":"Consensus vote recorded: node 1 decision=True reason=zkp_ok round=15 new=True satisfied=True"}
{"time":"2026-07-21 16:47:49,844","level":"INFO","node":0,"msg":"Prediction agreement with node 2 round=15: A=0.947"}
{"time":"2026-07-21 16:47:49,844","level":"INFO","node":0,"msg":"Consensus vote recorded: node 2 decision=True reason=zkp_ok round=15 new=True satisfied=True"}
{"time":"2026-07-21 16:47:55,852","level":"INFO","node":0,"msg":"Synced weights from master for round 15"}
{"time":"2026-07-21 16:47:55,872","level":"INFO","node":0,"msg":"Sent commit vote to node 3"}
{"time":"2026-07-21 16:47:55,910","level":"INFO","node":0,"msg":"My turn — starting round 17 as proposer."}
{"time":"2026-07-21 16:47:55,911","level":"INFO","node":0,"msg":"Starting round 17"}
{"time":"2026-07-21 16:48:01,995","level":"INFO","node":0,"msg":"Sent proposal to node 1"}
{"time":"2026-07-21 16:48:01,995","level":"INFO","node":0,"msg":"Sent proposal to node 2"}
{"time":"2026-07-21 16:48:01,995","level":"INFO","node":0,"msg":"Sent proposal to node 3"}
{"time":"2026-07-21 16:48:02,015","level":"INFO","node":0,"msg":"Sent consensus vote to node 1"}
{"time":"2026-07-21 16:48:02,018","level":"INFO","node":0,"msg":"Sent consensus vote to node 2"}
{"time":"2026-07-21 16:48:02,021","level":"INFO","node":0,"msg":"Sent consensus vote to node 3"}
{"time":"2026-07-21 16:48:02,025","level":"INFO","node":0,"msg":"Forwarded to http://127.0.0.1:8001"}
{"time":"2026-07-21 16:48:11,693","level":"INFO","node":0,"msg":"Consensus vote recorded: node 1 decision=False reason=per_class_agreement_gap round=16 new=True satisfied=False"}
{"time":"2026-07-21 16:48:27,640","level":"INFO","node":0,"msg":"Consensus vote recorded: node 2 decision=False reason=per_class_agreement_gap round=16 new=True satisfied=False"}
{"time":"2026-07-21 16:48:43,181","level":"INFO","node":0,"msg":"Consensus vote recorded: node 3 decision=False reason=per_class_agreement_gap round=16 new=True satisfied=False"}
{"time":"2026-07-21 16:48:49,251","level":"INFO","node":0,"msg":"Received update from node 3, round 16"}
{"time":"2026-07-21 16:48:49,251","level":"INFO","node":0,"msg":"Round 17 complete — aggregating"}
{"time":"2026-07-21 16:48:49,251","level":"WARNING","node":0,"msg":"Round 17 REJECTED — quorum not satisfied (attempt 1/3). Retrying round."}
{"time":"2026-07-21 16:48:49,769","level":"INFO","node":0,"msg":"Starting round 17"}
{"time":"2026-07-21 16:48:55,709","level":"INFO","node":0,"msg":"Sent proposal to node 1"}
{"time":"2026-07-21 16:48:55,726","level":"INFO","node":0,"msg":"Sent proposal to node 2"}
{"time":"2026-07-21 16:48:55,742","level":"INFO","node":0,"msg":"Sent proposal to node 3"}
{"time":"2026-07-21 16:48:55,752","level":"INFO","node":0,"msg":"Sent consensus vote to node 1"}
{"time":"2026-07-21 16:48:55,761","level":"INFO","node":0,"msg":"Sent consensus vote to node 2"}
{"time":"2026-07-21 16:48:55,766","level":"INFO","node":0,"msg":"Sent consensus vote to node 3"}
{"time":"2026-07-21 16:48:55,779","level":"INFO","node":0,"msg":"Forwarded to http://127.0.0.1:8001"}
{"time":"2026-07-21 16:49:05,426","level":"INFO","node":0,"msg":"Consensus vote recorded: node 1 decision=True reason=zkp_ok round=16 new=True satisfied=False"}
{"time":"2026-07-21 16:49:21,129","level":"INFO","node":0,"msg":"Consensus vote recorded: node 2 decision=True reason=zkp_ok round=16 new=True satisfied=True"}
{"time":"2026-07-21 16:49:36,751","level":"INFO","node":0,"msg":"Consensus vote recorded: node 3 decision=True reason=zkp_ok round=16 new=True satisfied=True"}
{"time":"2026-07-21 16:49:42,728","level":"INFO","node":0,"msg":"Received update from node 3, round 16"}
{"time":"2026-07-21 16:49:42,728","level":"INFO","node":0,"msg":"Round 17 complete — aggregating"}
{"time":"2026-07-21 16:49:42,757","level":"WARNING","node":0,"msg":"[BACKDOOR PROBE] Round 17 SUSPICIOUS: feature=5 value=8.0 forces class=1 flip_rate=1.000 jump=0.636 (thresholds: flip>0.7, jump>0.3)"}
{"time":"2026-07-21 16:49:42,796","level":"INFO","node":0,"msg":"Commit vote recorded: node 1 decision=True round=16 satisfied=False"}
{"time":"2026-07-21 16:49:42,798","level":"INFO","node":0,"msg":"Broadcast weights to node 1"}
{"time":"2026-07-21 16:49:42,819","level":"INFO","node":0,"msg":"Commit vote recorded: node 2 decision=True round=16 satisfied=True"}
{"time":"2026-07-21 16:49:42,819","level":"INFO","node":0,"msg":"Round 17 COMMITTED — model hash agreed by [0, 1, 2]"}
{"time":"2026-07-21 16:49:42,823","level":"INFO","node":0,"msg":"Commit certificate saved to C:\Users\mousu\OneDrive\Desktop\Set A\securefedhe\dashboard\certificates\round_16.json"}
{"time":"2026-07-21 16:49:42,825","level":"INFO","node":0,"msg":"Broadcast weights to node 2"}
{"time":"2026-07-21 16:49:42,856","level":"INFO","node":0,"msg":"Commit vote recorded: node 3 decision=True round=16 satisfied=True"}
{"time":"2026-07-21 16:49:42,856","level":"INFO","node":0,"msg":"Broadcast weights to node 3"}
{"time":"2026-07-21 16:49:42,861","level":"INFO","node":0,"msg":"Checkpoint saved to C:\Users\mousu\OneDrive\Desktop\Set A\securefedhe\dashboard\model_latest.pt"}
{"time":"2026-07-21 16:49:42,862","level":"INFO","node":0,"msg":"Round 17 complete | accuracy=0.8636 | duration=53.09s"}
{"time":"2026-07-21 16:49:42,862","level":"INFO","node":0,"msg":"Round 18 belongs to node 1 — waiting for their proposal."}
{"time":"2026-07-21 16:49:42,865","level":"INFO","node":0,"msg":"Notified next proposer to node 1"}
{"time":"2026-07-21 16:49:49,176","level":"INFO","node":0,"msg":"Proposal received: round=17 origin=1 hash=3491e0cf5ab0..."}
{"time":"2026-07-21 16:49:49,226","level":"INFO","node":0,"msg":"Consensus vote recorded: node 1 decision=True reason=zkp_ok round=17 new=True satisfied=False"}
{"time":"2026-07-21 16:49:58,907","level":"INFO","node":0,"msg":"Consensus vote recorded: node 2 decision=False reason=per_class_agreement_gap round=17 new=True satisfied=False"}
{"time":"2026-07-21 16:50:14,413","level":"INFO","node":0,"msg":"Consensus vote recorded: node 3 decision=False reason=per_class_agreement_gap round=17 new=True satisfied=False"}
{"time":"2026-07-21 16:50:20,409","level":"INFO","node":0,"msg":"Received update from node 3, round 17"}
{"time":"2026-07-21 16:50:29,982","level":"INFO","node":0,"msg":"ZKP ACCEPTED from node 3"}
{"time":"2026-07-21 16:50:29,982","level":"INFO","node":0,"msg":"fc_in col7 delta self-cosine for node 1: 0.1334 (delta_norm=0.1679)"}
{"time":"2026-07-21 16:50:29,998","level":"INFO","node":0,"msg":"Per-class agreement with node 1: class0=0.963 class1=0.957 gap=0.006"}
{"time":"2026-07-21 16:50:29,998","level":"INFO","node":0,"msg":"Per-class rolling gap for node 1: mean=0.069 over last 4 round(s)"}
{"time":"2026-07-21 16:50:29,998","level":"WARNING","node":0,"msg":"[PER-CLASS AGREEMENT CHECK] node 0 observed node 1: SUSTAINED class agreement gap, rolling mean=0.069 over 4 rounds — possible asymmetric/label_flip-style corruption"}
{"time":"2026-07-21 16:50:30,010","level":"INFO","node":0,"msg":"Trust score for node 1: S=0.829 (Z=1.00 A=0.96 P=0.52 R=1.00) advisory only"}
{"time":"2026-07-21 16:50:30,011","level":"WARNING","node":0,"msg":"Update round=17 from node 1 REJECTED on per-class agreement gap"}
{"time":"2026-07-21 16:50:30,037","level":"INFO","node":0,"msg":"Sent consensus vote to node 1"}
{"time":"2026-07-21 16:50:30,047","level":"INFO","node":0,"msg":"Sent consensus vote to node 2"}
{"time":"2026-07-21 16:50:30,073","level":"INFO","node":0,"msg":"Sent consensus vote to node 3"}
{"time":"2026-07-21 16:50:36,241","level":"INFO","node":0,"msg":"Forwarded to http://127.0.0.1:8001"}
{"time":"2026-07-21 16:50:43,101","level":"INFO","node":0,"msg":"Proposal for round=17 origin=1 changed hash after 53.95s — treating as a legitimate round retry, not equivocation."}
{"time":"2026-07-21 16:50:43,101","level":"INFO","node":0,"msg":"Proposal received: round=17 origin=1 hash=8695f6b098ab..."}
{"time":"2026-07-21 16:50:43,127","level":"INFO","node":0,"msg":"Consensus vote recorded: node 1 decision=True reason=zkp_ok round=17 new=True satisfied=False"}
{"time":"2026-07-21 16:50:52,700","level":"INFO","node":0,"msg":"Consensus vote recorded: node 2 decision=True reason=zkp_ok round=17 new=True satisfied=False"}
{"time":"2026-07-21 16:51:08,371","level":"INFO","node":0,"msg":"Consensus vote recorded: node 3 decision=True reason=zkp_ok round=17 new=True satisfied=True"}
{"time":"2026-07-21 16:51:14,319","level":"INFO","node":0,"msg":"Received update from node 3, round 17"}
{"time":"2026-07-21 16:51:23,801","level":"INFO","node":0,"msg":"ZKP ACCEPTED from node 3"}
{"time":"2026-07-21 16:51:23,801","level":"INFO","node":0,"msg":"fc_in col7 delta self-cosine for node 1: -0.2594 (delta_norm=0.1145)"}
{"time":"2026-07-21 16:51:23,801","level":"INFO","node":0,"msg":"Per-class agreement with node 1: class0=0.946 class1=0.947 gap=0.000"}
{"time":"2026-07-21 16:51:23,801","level":"INFO","node":0,"msg":"Per-class rolling gap for node 1: mean=0.019 over last 4 round(s)"}
{"time":"2026-07-21 16:51:23,816","level":"INFO","node":0,"msg":"Trust score for node 1: S=0.771 (Z=1.00 A=0.95 P=0.50 R=0.80) advisory only"}
{"time":"2026-07-21 16:51:23,832","level":"INFO","node":0,"msg":"Sent consensus vote to node 1"}
{"time":"2026-07-21 16:51:23,852","level":"INFO","node":0,"msg":"Sent consensus vote to node 2"}
{"time":"2026-07-21 16:51:23,865","level":"INFO","node":0,"msg":"Sent consensus vote to node 3"}
{"time":"2026-07-21 16:51:29,783","level":"INFO","node":0,"msg":"Forwarded to http://127.0.0.1:8001"}
{"time":"2026-07-21 16:51:29,821","level":"INFO","node":0,"msg":"Synced weights from master for round 17"}
{"time":"2026-07-21 16:51:29,828","level":"INFO","node":0,"msg":"Sent commit vote to node 1"}
{"time":"2026-07-21 16:51:35,981","level":"INFO","node":0,"msg":"Proposal received: round=18 origin=2 hash=6d30de75a1f8..."}
{"time":"2026-07-21 16:51:36,007","level":"INFO","node":0,"msg":"Consensus vote recorded: node 2 decision=True reason=zkp_ok round=18 new=True satisfied=False"}
{"time":"2026-07-21 16:51:45,653","level":"INFO","node":0,"msg":"Consensus vote recorded: node 3 decision=True reason=zkp_ok round=18 new=True satisfied=False"}
{"time":"2026-07-21 16:51:51,727","level":"INFO","node":0,"msg":"Received update from node 3, round 18"}
{"time":"2026-07-21 16:52:01,462","level":"INFO","node":0,"msg":"ZKP ACCEPTED from node 3"}
{"time":"2026-07-21 16:52:01,462","level":"INFO","node":0,"msg":"fc_in col7 delta self-cosine for node 2: -0.1197 (delta_norm=0.1944)"}
{"time":"2026-07-21 16:52:01,467","level":"INFO","node":0,"msg":"Per-class agreement with node 2: class0=0.924 class1=0.907 gap=0.017"}
{"time":"2026-07-21 16:52:01,467","level":"INFO","node":0,"msg":"Per-class rolling gap for node 2: mean=0.046 over last 4 round(s)"}
{"time":"2026-07-21 16:52:01,469","level":"INFO","node":0,"msg":"Trust score for node 2: S=0.759 (Z=1.00 A=0.92 P=0.39 R=1.00) advisory only"}
{"time":"2026-07-21 16:52:01,496","level":"INFO","node":0,"msg":"Sent consensus vote to node 1"}
{"time":"2026-07-21 16:52:01,508","level":"INFO","node":0,"msg":"Sent consensus vote to node 2"}
{"time":"2026-07-21 16:52:01,519","level":"INFO","node":0,"msg":"Sent consensus vote to node 3"}
{"time":"2026-07-21 16:52:07,377","level":"INFO","node":0,"msg":"Forwarded to http://127.0.0.1:8001"}
{"time":"2026-07-21 16:52:17,100","level":"INFO","node":0,"msg":"Prediction agreement with node 1 round=18: A=0.993"}
{"time":"2026-07-21 16:52:17,100","level":"INFO","node":0,"msg":"Consensus vote recorded: node 1 decision=True reason=zkp_ok round=18 new=True satisfied=True"}
{"time":"2026-07-21 16:52:23,243","level":"INFO","node":0,"msg":"Synced weights from master for round 18"}
{"time":"2026-07-21 16:52:23,266","level":"INFO","node":0,"msg":"Sent commit vote to node 2"}
{"time":"2026-07-21 16:52:29,461","level":"INFO","node":0,"msg":"Proposal received: round=19 origin=3 hash=c7c12c68615c..."}
{"time":"2026-07-21 16:52:29,483","level":"INFO","node":0,"msg":"Consensus vote recorded: node 3 decision=True reason=zkp_ok round=19 new=True satisfied=False"}
{"time":"2026-07-21 16:52:29,498","level":"INFO","node":0,"msg":"Received update from node 3, round 19"}
{"time":"2026-07-21 16:52:39,264","level":"INFO","node":0,"msg":"ZKP ACCEPTED from node 3"}
{"time":"2026-07-21 16:52:39,264","level":"INFO","node":0,"msg":"fc_in col7 delta self-cosine for node 3: -0.3424 (delta_norm=0.2278)"}
{"time":"2026-07-21 16:52:39,273","level":"INFO","node":0,"msg":"Per-class agreement with node 3: class0=0.962 class1=0.944 gap=0.018"}
{"time":"2026-07-21 16:52:39,273","level":"INFO","node":0,"msg":"Per-class rolling gap for node 3: mean=0.025 over last 4 round(s)"}
{"time":"2026-07-21 16:52:39,275","level":"INFO","node":0,"msg":"Trust score for node 3: S=0.820 (Z=1.00 A=0.96 P=0.50 R=1.00) advisory only"}
{"time":"2026-07-21 16:52:39,293","level":"INFO","node":0,"msg":"Sent consensus vote to node 1"}
{"time":"2026-07-21 16:52:39,325","level":"INFO","node":0,"msg":"Sent consensus vote to node 2"}
{"time":"2026-07-21 16:52:39,349","level":"INFO","node":0,"msg":"Sent consensus vote to node 3"}
{"time":"2026-07-21 16:52:45,318","level":"INFO","node":0,"msg":"Forwarded to http://127.0.0.1:8001"}
{"time":"2026-07-21 16:52:55,057","level":"INFO","node":0,"msg":"Prediction agreement with node 1 round=19: A=0.985"}
{"time":"2026-07-21 16:52:55,057","level":"INFO","node":0,"msg":"Consensus vote recorded: node 1 decision=True reason=zkp_ok round=19 new=True satisfied=True"}
{"time":"2026-07-21 16:53:10,852","level":"INFO","node":0,"msg":"Prediction agreement with node 2 round=19: A=0.933"}
{"time":"2026-07-21 16:53:10,853","level":"INFO","node":0,"msg":"Consensus vote recorded: node 2 decision=True reason=zkp_ok round=19 new=True satisfied=True"}
{"time":"2026-07-21 16:53:16,840","level":"INFO","node":0,"msg":"Synced weights from master for round 19"}
{"time":"2026-07-21 16:53:16,840","level":"INFO","node":0,"msg":"Training complete after 20 rounds"}
{"time":"2026-07-21 16:53:16,856","level":"INFO","node":0,"msg":"Sent commit vote to node 3"}
{"time":"2026-07-21 16:55:16,140","level":"INFO","node":0,"msg":"Watchdog fired but training already complete — ignoring, not excluding node 1."}
{"time":"2026-07-21 16:59:42,873","level":"INFO","node":0,"msg":"Watchdog fired but training already complete — ignoring, not excluding node 1."}
